Archive member included to satisfy reference by file (symbol)

/opt/st/stm32cubeide_2.1.1/plugins/com.st.stm32cube.ide.mcu.externaltools.gnu-tools-for-stm32.14.3.rel1.linux64_1.0.100.202602081740/tools/bin/../lib/gcc/arm-none-eabi/14.3.1/../../../../arm-none-eabi/lib/thumb/v7e-m+fp/hard/libc_nano.a(libc_a-atoi.o)
                              ./Inc/ota.o (atoi)
/opt/st/stm32cubeide_2.1.1/plugins/com.st.stm32cube.ide.mcu.externaltools.gnu-tools-for-stm32.14.3.rel1.linux64_1.0.100.202602081740/tools/bin/../lib/gcc/arm-none-eabi/14.3.1/../../../../arm-none-eabi/lib/thumb/v7e-m+fp/hard/libc_nano.a(libc_a-exit.o)
                              /opt/st/stm32cubeide_2.1.1/plugins/com.st.stm32cube.ide.mcu.externaltools.gnu-tools-for-stm32.14.3.rel1.linux64_1.0.100.202602081740/tools/bin/../lib/gcc/arm-none-eabi/14.3.1/../../../../arm-none-eabi/lib/thumb/v7e-m+fp/hard/crt0.o (exit)
/opt/st/stm32cubeide_2.1.1/plugins/com.st.stm32cube.ide.mcu.externaltools.gnu-tools-for-stm32.14.3.rel1.linux64_1.0.100.202602081740/tools/bin/../lib/gcc/arm-none-eabi/14.3.1/../../../../arm-none-eabi/lib/thumb/v7e-m+fp/hard/libc_nano.a(libc_a-strtol.o)
                              /opt/st/stm32cubeide_2.1.1/plugins/com.st.stm32cube.ide.mcu.externaltools.gnu-tools-for-stm32.14.3.rel1.linux64_1.0.100.202602081740/tools/bin/../lib/gcc/arm-none-eabi/14.3.1/../../../../arm-none-eabi/lib/thumb/v7e-m+fp/hard/libc_nano.a(libc_a-atoi.o) (_strtol_r)
/opt/st/stm32cubeide_2.1.1/plugins/com.st.stm32cube.ide.mcu.externaltools.gnu-tools-for-stm32.14.3.rel1.linux64_1.0.100.202602081740/tools/bin/../lib/gcc/arm-none-eabi/14.3.1/../../../../arm-none-eabi/lib/thumb/v7e-m+fp/hard/libc_nano.a(libc_a-ctype_.o)
                              /opt/st/stm32cubeide_2.1.1/plugins/com.st.stm32cube.ide.mcu.externaltools.gnu-tools-for-stm32.14.3.rel1.linux64_1.0.100.202602081740/tools/bin/../lib/gcc/arm-none-eabi/14.3.1/../../../../arm-none-eabi/lib/thumb/v7e-m+fp/hard/libc_nano.a(libc_a-strtol.o) (_ctype_)
/opt/st/stm32cubeide_2.1.1/plugins/com.st.stm32cube.ide.mcu.externaltools.gnu-tools-for-stm32.14.3.rel1.linux64_1.0.100.202602081740/tools/bin/../lib/gcc/arm-none-eabi/14.3.1/../../../../arm-none-eabi/lib/thumb/v7e-m+fp/hard/libc_nano.a(libc_a-findfp.o)
                              /opt/st/stm32cubeide_2.1.1/plugins/com.st.stm32cube.ide.mcu.externaltools.gnu-tools-for-stm32.14.3.rel1.linux64_1.0.100.202602081740/tools/bin/../lib/gcc/arm-none-eabi/14.3.1/../../../../arm-none-eabi/lib/thumb/v7e-m+fp/hard/libc_nano.a(libc_a-exit.o) (__stdio_exit_handler)
/opt/st/stm32cubeide_2.1.1/plugins/com.st.stm32cube.ide.mcu.externaltools.gnu-tools-for-stm32.14.3.rel1.linux64_1.0.100.202602081740/tools/bin/../lib/gcc/arm-none-eabi/14.3.1/../../../../arm-none-eabi/lib/thumb/v7e-m+fp/hard/libc_nano.a(libc_a-fwalk.o)
                              /opt/st/stm32cubeide_2.1.1/plugins/com.st.stm32cube.ide.mcu.externaltools.gnu-tools-for-stm32.14.3.rel1.linux64_1.0.100.202602081740/tools/bin/../lib/gcc/arm-none-eabi/14.3.1/../../../../arm-none-eabi/lib/thumb/v7e-m+fp/hard/libc_nano.a(libc_a-findfp.o) (_fwalk_sglue)
/opt/st/stm32cubeide_2.1.1/plugins/com.st.stm32cube.ide.mcu.externaltools.gnu-tools-for-stm32.14.3.rel1.linux64_1.0.100.202602081740/tools/bin/../lib/gcc/arm-none-eabi/14.3.1/../../../../arm-none-eabi/lib/thumb/v7e-m+fp/hard/libc_nano.a(libc_a-snprintf.o)
                              ./Inc/ESP01S.o (snprintf)
/opt/st/stm32cubeide_2.1.1/plugins/com.st.stm32cube.ide.mcu.externaltools.gnu-tools-for-stm32.14.3.rel1.linux64_1.0.100.202602081740/tools/bin/../lib/gcc/arm-none-eabi/14.3.1/../../../../arm-none-eabi/lib/thumb/v7e-m+fp/hard/libc_nano.a(libc_a-sscanf.o)
                              ./Inc/ota.o (sscanf)
/opt/st/stm32cubeide_2.1.1/plugins/com.st.stm32cube.ide.mcu.externaltools.gnu-tools-for-stm32.14.3.rel1.linux64_1.0.100.202602081740/tools/bin/../lib/gcc/arm-none-eabi/14.3.1/../../../../arm-none-eabi/lib/thumb/v7e-m+fp/hard/libc_nano.a(libc_a-stdio.o)
                              /opt/st/stm32cubeide_2.1.1/plugins/com.st.stm32cube.ide.mcu.externaltools.gnu-tools-for-stm32.14.3.rel1.linux64_1.0.100.202602081740/tools/bin/../lib/gcc/arm-none-eabi/14.3.1/../../../../arm-none-eabi/lib/thumb/v7e-m+fp/hard/libc_nano.a(libc_a-findfp.o) (__sread)
/opt/st/stm32cubeide_2.1.1/plugins/com.st.stm32cube.ide.mcu.externaltools.gnu-tools-for-stm32.14.3.rel1.linux64_1.0.100.202602081740/tools/bin/../lib/gcc/arm-none-eabi/14.3.1/../../../../arm-none-eabi/lib/thumb/v7e-m+fp/hard/libc_nano.a(libc_a-vsnprintf.o)
                              ./Inc/bsp.o (vsnprintf)
/opt/st/stm32cubeide_2.1.1/plugins/com.st.stm32cube.ide.mcu.externaltools.gnu-tools-for-stm32.14.3.rel1.linux64_1.0.100.202602081740/tools/bin/../lib/gcc/arm-none-eabi/14.3.1/../../../../arm-none-eabi/lib/thumb/v7e-m+fp/hard/libc_nano.a(libc_a-memcmp.o)
                              ./Inc/ESP01S.o (memcmp)
[...]
Memory Configuration

Name             Origin             Length             Attributes
RAM              0x20000000         0x00040000         xrw
FLASH            0x08040000         0x00040000         xr
*default*        0x00000000         0xffffffff

Linker script and memory map

LOAD /opt/st/stm32cubeide_2.1.1/plugins/com.st.stm32cube.ide.mcu.externaltools.gnu-tools-for-stm32.14.3.rel1.linux64_1.0.100.202602081740/tools/bin/../lib/gcc/arm-none-eabi/14.3.1/thumb/v7e-m+fp/hard/crti.o
LOAD /opt/st/stm32cubeide_2.1.1/plugins/com.st.stm32cube.ide.mcu.externaltools.gnu-tools-for-stm32.14.3.rel1.linux64_1.0.100.202602081740/tools/bin/../lib/gcc/arm-none-eabi/14.3.1/thumb/v7e-m+fp/hard/crtbegin.o
LOAD /opt/st/stm32cubeide_2.1.1/plugins/com.st.stm32cube.ide.mcu.externaltools.gnu-tools-for-stm32.14.3.rel1.linux64_1.0.100.202602081740/tools/bin/../lib/gcc/arm-none-eabi/14.3.1/../../../../arm-none-eabi/lib/thumb/v7e-m+fp/hard/crt0.o
LOAD ./Inc/ESP01S.o
LOAD ./Inc/MQTTConnectClient.o
LOAD ./Inc/MQTTDeserializePublish.o
LOAD ./Inc/MQTTFormat.o
LOAD ./Inc/MQTTPacket.o
LOAD ./Inc/MQTTSerializePublish.o
LOAD ./Inc/MQTTSubscribeClient.o
LOAD ./Inc/RingBuffer.o
LOAD ./Inc/bsp.o
LOAD ./Inc/ota.o
LOAD ./Src/main.o
LOAD ./Src/syscalls.o
LOAD ./Src/sysmem.o
LOAD ./Startup/startup_stm32f723iekx.o
START GROUP
LOAD /opt/st/stm32cubeide_2.1.1/plugins/com.st.stm32cube.ide.mcu.externaltools.gnu-tools-for-stm32.14.3.rel1.linux64_1.0.100.202602081740/tools/bin/../lib/gcc/arm-none-eabi/14.3.1/../../../../arm-none-eabi/lib/thumb/v7e-m+fp/hard/libc_nano.a
LOAD /opt/st/stm32cubeide_2.1.1/plugins/com.st.stm32cube.ide.mcu.externaltools.gnu-tools-for-stm32.14.3.rel1.linux64_1.0.100.202602081740/tools/bin/../lib/gcc/arm-none-eabi/14.3.1/../../../../arm-none-eabi/lib/thumb/v7e-m+fp/hard/libm.a
END GROUP
START GROUP
LOAD /opt/st/stm32cubeide_2.1.1/plugins/com.st.stm32cube.ide.mcu.externaltools.gnu-tools-for-stm32.14.3.rel1.linux64_1.0.100.202602081740/tools/bin/../lib/gcc/arm-none-eabi/14.3.1/thumb/v7e-m+fp/hard/libgcc.a
LOAD /opt/st/stm32cubeide_2.1.1/plugins/com.st.stm32cube.ide.mcu.externaltools.gnu-tools-for-stm32.14.3.rel1.linux64_1.0.100.202602081740/tools/bin/../lib/gcc/arm-none-eabi/14.3.1/../../../../arm-none-eabi/lib/thumb/v7e-m+fp/hard/libc_nano.a
END GROUP
START GROUP
LOAD /opt/st/stm32cubeide_2.1.1/plugins/com.st.stm32cube.ide.mcu.externaltools.gnu-tools-for-stm32.14.3.rel1.linux64_1.0.100.202602081740/tools/bin/../lib/gcc/arm-none-eabi/14.3.1/thumb/v7e-m+fp/hard/libgcc.a
LOAD /opt/st/stm32cubeide_2.1.1/plugins/com.st.stm32cube.ide.mcu.externaltools.gnu-tools-for-stm32.14.3.rel1.linux64_1.0.100.202602081740/tools/bin/../lib/gcc/arm-none-eabi/14.3.1/../../../../arm-none-eabi/lib/thumb/v7e-m+fp/hard/libc_nano.a
LOAD /opt/st/stm32cubeide_2.1.1/plugins/com.st.stm32cube.ide.mcu.externaltools.gnu-tools-for-stm32.14.3.rel1.linux64_1.0.100.202602081740/tools/bin/../lib/gcc/arm-none-eabi/14.3.1/../../../../arm-none-eabi/lib/thumb/v7e-m+fp/hard/libnosys.a
END GROUP
START GROUP
LOAD /opt/st/stm32cubeide_2.1.1/plugins/com.st.stm32cube.ide.mcu.externaltools.gnu-tools-for-stm32.14.3.rel1.linux64_1.0.100.202602081740/tools/bin/../lib/gcc/arm-none-eabi/14.3.1/thumb/v7e-m+fp/hard/libgcc.a
LOAD /opt/st/stm32cubeide_2.1.1/plugins/com.st.stm32cube.ide.mcu.externaltools.gnu-tools-for-stm32.14.3.rel1.linux64_1.0.100.202602081740/tools/bin/../lib/gcc/arm-none-eabi/14.3.1/../../../../arm-none-eabi/lib/thumb/v7e-m+fp/hard/libc_nano.a
LOAD /opt/st/stm32cubeide_2.1.1/plugins/com.st.stm32cube.ide.mcu.externaltools.gnu-tools-for-stm32.14.3.rel1.linux64_1.0.100.202602081740/tools/bin/../lib/gcc/arm-none-eabi/14.3.1/../../../../arm-none-eabi/lib/thumb/v7e-m+fp/hard/libnosys.a
END GROUP
LOAD /opt/st/stm32cubeide_2.1.1/plugins/com.st.stm32cube.ide.mcu.externaltools.gnu-tools-for-stm32.14.3.rel1.linux64_1.0.100.202602081740/tools/bin/../lib/gcc/arm-none-eabi/14.3.1/thumb/v7e-m+fp/hard/crtend.o
LOAD /opt/st/stm32cubeide_2.1.1/plugins/com.st.stm32cube.ide.mcu.externaltools.gnu-tools-for-stm32.14.3.rel1.linux64_1.0.100.202602081740/tools/bin/../lib/gcc/arm-none-eabi/14.3.1/thumb/v7e-m+fp/hard/crtn.o
                0x20040000                        _estack = (ORIGIN (RAM) + LENGTH (RAM))
                0x00000200                        _Min_Heap_Size = 0x200
                0x00000400                        _Min_Stack_Size = 0x400
                0x08040000                        PROVIDE (_app_start = ORIGIN (FLASH))

.isr_vector     0x08040000      0x1e0
                0x08040000                        . = ALIGN (0x4)
 *(.isr_vector)
 .isr_vector    0x08040000      0x1e0 ./Startup/startup_stm32f723iekx.o
                0x08040000                g_pfnVectors
                0x080401e0                        . = ALIGN (0x4)

.text           0x080401e0     0x3c88
                0x080401e0                        . = ALIGN (0x4)
 *(.text)
 .text          0x080401e0       0x40 /opt/st/stm32cubeide_2.1.1/plugins/com.st.stm32cube.ide.mcu.externaltools.gnu-tools-for-stm32.14.3.rel1.linux64_1.0.100.202602081740/tools/bin/../lib/gcc/arm-none-eabi/14.3.1/thumb/v7e-m+fp/hard/crtbegin.o
 .text          0x08040220       0x14 /opt/st/stm32cubeide_2.1.1/plugins/com.st.stm32cube.ide.mcu.externaltools.gnu-tools-for-stm32.14.3.rel1.linux64_1.0.100.202602081740/tools/bin/../lib/gcc/arm-none-eabi/14.3.1/../../../../arm-none-eabi/lib/thumb/v7e-m+fp/hard/libc_nano.a(libc_a-strcmp.o)
                0x08040220                strcmp
 .text          0x08040234       0x10 /opt/st/stm32cubeide_2.1.1/plugins/com.st.stm32cube.ide.mcu.externaltools.gnu-tools-for-stm32.14.3.rel1.linux64_1.0.100.202602081740/tools/bin/../lib/gcc/arm-none-eabi/14.3.1/../../../../arm-none-eabi/lib/thumb/v7e-m+fp/hard/libc_nano.a(libc_a-strlen.o)
                0x08040234                strlen
 *fill*         0x08040244        0xc 
 .text          0x08040250       0xa0 /opt/st/stm32cubeide_2.1.1/plugins/com.st.stm32cube.ide.mcu.externaltools.gnu-tools-for-stm32.14.3.rel1.linux64_1.0.100.202602081740/tools/bin/../lib/gcc/arm-none-eabi/14.3.1/../../../../arm-none-eabi/lib/thumb/v7e-m+fp/hard/libc_nano.a(libc_a-memchr.o)
                0x08040250                memchr
 *(.text*)
 .text.GPIO_PIN_WRITE
                0x080402f0       0x40 ./Inc/ESP01S.o
 .text.UART_ReadDataRegisterNonBlocking
                0x08040330       0x32 ./Inc/ESP01S.o
 *fill*         0x08040362        0x2 
 .text.GetTick  0x08040364       0x18 ./Inc/ESP01S.o
 .text.Delay_ms
                0x0804037c       0x2a ./Inc/ESP01S.o
 .text.ESP01S_UART_IRQHandler
                0x080403a6       0x3e ./Inc/ESP01S.o
                0x080403a6                ESP01S_UART_IRQHandler
 .text.ESP01S_SendCommand
                0x080403e4      0x182 ./Inc/ESP01S.o
                0x080403e4                ESP01S_SendCommand
 *fill*         0x08040566        0x2 
 .text.ESP01S_Init
                0x08040568      0x1b0 ./Inc/ESP01S.o
                0x08040568                ESP01S_Init
 .text.ESP01S_ConnectWiFi
                0x08040718       0x50 ./Inc/ESP01S.o
                0x08040718                ESP01S_ConnectWiFi
 .text.ESP01S_WaitCONNACK
                0x08040768       0xa4 ./Inc/ESP01S.o
                0x08040768                ESP01S_WaitCONNACK
 .text.ESP01S_WaitSUBACK
                0x0804080c       0xb4 ./Inc/ESP01S.o
                0x0804080c                ESP01S_WaitSUBACK
 .text.ESP01S_StartMQTT
                0x080408c0      0x2e4 ./Inc/ESP01S.o
                0x080408c0                ESP01S_StartMQTT
 .text.ESP01S_SendTelemetry_MQTT
                0x08040ba4      0x188 ./Inc/ESP01S.o
                0x08040ba4                ESP01S_SendTelemetry_MQTT
 .text.ESP01S_ProcessMQTT
                0x08040d2c      0x2c8 ./Inc/ESP01S.o
                0x08040d2c                ESP01S_ProcessMQTT
 .text.MQTTSerialize_connectLength
                0x08040ff4       0xc2 ./Inc/MQTTConnectClient.o
                0x08040ff4                MQTTSerialize_connectLength
 *fill*         0x080410b6        0x2 
 .text.MQTTSerialize_connect
                0x080410b8      0x1d8 ./Inc/MQTTConnectClient.o
                0x080410b8                MQTTSerialize_connect
 .text.MQTTDeserialize_connack
                0x08041290       0xbc ./Inc/MQTTConnectClient.o
                0x08041290                MQTTDeserialize_connack
 .text.MQTTDeserialize_publish
                0x0804134c       0xf2 ./Inc/MQTTDeserializePublish.o
                0x0804134c                MQTTDeserialize_publish
 .text.MQTTPacket_encode
                0x0804143e       0x5e ./Inc/MQTTPacket.o
                0x0804143e                MQTTPacket_encode
 .text.MQTTPacket_decode
                0x0804149c       0x78 ./Inc/MQTTPacket.o
                0x0804149c                MQTTPacket_decode
 .text.MQTTPacket_len
                0x08041514       0x54 ./Inc/MQTTPacket.o
                0x08041514                MQTTPacket_len
 .text.bufchar  0x08041568       0x40 ./Inc/MQTTPacket.o
                0x08041568                bufchar
 .text.MQTTPacket_decodeBuf
                0x080415a8       0x2c ./Inc/MQTTPacket.o
                0x080415a8                MQTTPacket_decodeBuf
 .text.readInt  0x080415d4       0x36 ./Inc/MQTTPacket.o
                0x080415d4                readInt
 .text.readChar
                0x0804160a       0x28 ./Inc/MQTTPacket.o
                0x0804160a                readChar
 .text.writeChar
                0x08041632       0x2a ./Inc/MQTTPacket.o
                0x08041632                writeChar
 .text.writeInt
                0x0804165c       0x52 ./Inc/MQTTPacket.o
                0x0804165c                writeInt
 .text.writeCString
                0x080416ae       0x3e ./Inc/MQTTPacket.o
                0x080416ae                writeCString
 .text.writeMQTTString
                0x080416ec       0x5c ./Inc/MQTTPacket.o
                0x080416ec                writeMQTTString
 .text.readMQTTLenString
                0x08041748       0x62 ./Inc/MQTTPacket.o
                0x08041748                readMQTTLenString
 .text.MQTTstrlen
                0x080417aa       0x32 ./Inc/MQTTPacket.o
                0x080417aa                MQTTstrlen
 .text.MQTTSerialize_publishLength
                0x080417dc       0x40 ./Inc/MQTTSerializePublish.o
                0x080417dc                MQTTSerialize_publishLength
 .text.MQTTSerialize_publish
                0x0804181c       0xec ./Inc/MQTTSerializePublish.o
                0x0804181c                MQTTSerialize_publish
 .text.MQTTSerialize_subscribeLength
                0x08041908       0x4e ./Inc/MQTTSubscribeClient.o
                0x08041908                MQTTSerialize_subscribeLength
 .text.MQTTSerialize_subscribe
                0x08041956       0xf8 ./Inc/MQTTSubscribeClient.o
                0x08041956                MQTTSerialize_subscribe
 .text.MQTTDeserialize_suback
                0x08041a4e       0xdc ./Inc/MQTTSubscribeClient.o
                0x08041a4e                MQTTDeserialize_suback
 *fill*         0x08041b2a        0x2 
 .text.RingBuffer_Put
                0x08041b2c       0x6c ./Inc/RingBuffer.o
                0x08041b2c                RingBuffer_Put
 .text.RingBuffer_Count
                0x08041b98       0x44 ./Inc/RingBuffer.o
                0x08041b98                RingBuffer_Count
 .text.RingBuffer_Read
                0x08041bdc       0x70 ./Inc/RingBuffer.o
                0x08041bdc                RingBuffer_Read
 .text.RingBuffer_Peek
                0x08041c4c       0x64 ./Inc/RingBuffer.o
                0x08041c4c                RingBuffer_Peek
 .text.RingBuffer_Discard
                0x08041cb0       0x5c ./Inc/RingBuffer.o
                0x08041cb0                RingBuffer_Discard
 .text.RingBuffer_Flush
                0x08041d0c       0x22 ./Inc/RingBuffer.o
                0x08041d0c                RingBuffer_Flush
 .text.UART_TransmitByte
                0x08041d2e       0x2c ./Inc/bsp.o
 .text.UART_WriteString
                0x08041d5a       0x2e ./Inc/bsp.o
                0x08041d5a                UART_WriteString
 .text.UART_WriteBytes
                0x08041d88       0x3c ./Inc/bsp.o
                0x08041d88                UART_WriteBytes
 .text.SysTick_Handler
                0x08041dc4       0x1c ./Inc/bsp.o
                0x08041dc4                SysTick_Handler
 .text.Debug_Printf
                0x08041de0       0x54 ./Inc/bsp.o
                0x08041de0                Debug_Printf
 .text.Flash_WaitNotBusy
                0x08041e34       0x24 ./Inc/ota.o
 .text.Flash_Unlock
                0x08041e58       0x30 ./Inc/ota.o
 .text.Flash_Unlock_Opt
                0x08041e88       0x34 ./Inc/ota.o
 .text.Flash_ClearErrors
                0x08041ebc       0x18 ./Inc/ota.o
 .text.Flash_Lock
                0x08041ed4       0x20 ./Inc/ota.o
 .text.Flash_Lock_Opt
                0x08041ef4       0x20 ./Inc/ota.o
 .text.Flash_Update_Opt
                0x08041f14       0x44 ./Inc/ota.o
 .text.Flash_EraseSector
                0x08041f58       0x68 ./Inc/ota.o
 .text.Flash_WriteByteRaw
                0x08041fc0       0x58 ./Inc/ota.o
 .text.GetTick  0x08042018       0x18 ./Inc/ota.o
 .text.Delay_ms
                0x08042030       0x2a ./Inc/ota.o
 *fill*         0x0804205a        0x2 
 .text.OTA_getState
                0x0804205c       0x18 ./Inc/ota.o
                0x0804205c                OTA_getState
 .text.OTA_GetTargetAddress
                0x08042074       0x28 ./Inc/ota.o
                0x08042074                OTA_GetTargetAddress
 .text.OTA_EraseTargetSlot
                0x0804209c       0x70 ./Inc/ota.o
                0x0804209c                OTA_EraseTargetSlot
 .text.OTA_WriteChunkAndProcess
                0x0804210c       0x84 ./Inc/ota.o
                0x0804210c                OTA_WriteChunkAndProcess
 .text.OTA_WriteChunk
                0x08042190       0x56 ./Inc/ota.o
                0x08042190                OTA_WriteChunk
 *fill*         0x080421e6        0x2 
 .text.OTA_SwapBootSlotAndReset
                0x080421e8       0x64 ./Inc/ota.o
                0x080421e8                OTA_SwapBootSlotAndReset
 .text.OTA_RequestNextChunk
                0x0804224c       0xa0 ./Inc/ota.o
                0x0804224c                OTA_RequestNextChunk
 .text.OTA_ProcessJSON
                0x080422ec      0x120 ./Inc/ota.o
                0x080422ec                OTA_ProcessJSON
 .text._REGISTER_SET
                0x0804240c       0x44 ./Src/main.o
 .text._GPIO_REG_SET
                0x08042450       0x28 ./Src/main.o
 .text.GPIO_MODE_SET
                0x08042478       0x26 ./Src/main.o
 .text.GPIO_OTYPE_SET
                0x0804249e       0x28 ./Src/main.o
 .text.GPIO_OSPEED_SET
                0x080424c6       0x2a ./Src/main.o
 .text.GPIO_PUPD_SET
                0x080424f0       0x2a ./Src/main.o
 .text.GPIO_AF_SET
                0x0804251a       0x48 ./Src/main.o
 .text.GPIO_CONFIG
                0x08042562       0x58 ./Src/main.o
 .text.UART_ENABLE_SET
                0x080425ba       0x20 ./Src/main.o
 .text.UART_TX_MODE_SET
                0x080425da       0x20 ./Src/main.o
 .text.UART_RX_MODE_SET
                0x080425fa       0x20 ./Src/main.o
 .text.UART_RX_INT_SET
                0x0804261a       0x20 ./Src/main.o
 .text.UART_BRR_SET
                0x0804263a       0x1c ./Src/main.o
 .text.UART_ReadDataRegisterNonBlocking
                0x08042656       0x32 ./Src/main.o
 .text.NVIC_ENABLE_INT
                0x08042688       0x38 ./Src/main.o
 .text.SysTick_Init
                0x080426c0       0x28 ./Src/main.o
 .text.GetTick  0x080426e8       0x18 ./Src/main.o
 .text.Peripherals_Init
                0x08042700      0x124 ./Src/main.o
                0x08042700                Peripherals_Init
 .text.UART5_IRQHandler
                0x08042824       0x30 ./Src/main.o
                0x08042824                UART5_IRQHandler
 .text.System_Init
                0x08042854       0x2c ./Src/main.o
                0x08042854                System_Init
 .text.main     0x08042880      0x130 ./Src/main.o
                0x08042880                main
 .text._sbrk    0x080429b0       0x6c ./Src/sysmem.o
                0x080429b0                _sbrk
 .text.Reset_Handler
                0x08042a1c       0x50 ./Startup/startup_stm32f723iekx.o
                0x08042a1c                Reset_Handler
 .text.Default_Handler
                0x08042a6c        0x2 ./Startup/startup_stm32f723iekx.o
                0x08042a6c                EXTI2_IRQHandler
                0x08042a6c                TIM8_CC_IRQHandler
                0x08042a6c                DebugMon_Handler
                0x08042a6c                UART8_IRQHandler
                0x08042a6c                LP_Timer1_IRQHandler
                0x08042a6c                SPI4_IRQHandler
                0x08042a6c                TIM1_CC_IRQHandler
                0x08042a6c                QuadSPI_IRQHandler
                0x08042a6c                DMA2_Stream5_IRQHandler
                0x08042a6c                HardFault_Handler
                0x08042a6c                DMA1_Stream5_IRQHandler
                0x08042a6c                PVD_IRQHandler
                0x08042a6c                TAMP_STAMP_IRQHandler
                0x08042a6c                PendSV_Handler
                0x08042a6c                NMI_Handler
                0x08042a6c                EXTI3_IRQHandler
                0x08042a6c                TIM8_TRG_COM_TIM14_IRQHandler
                0x08042a6c                TIM1_UP_TIM10_IRQHandler
                0x08042a6c                TIM8_UP_TIM13_IRQHandler
                0x08042a6c                I2C3_ER_IRQHandler
                0x08042a6c                EXTI0_IRQHandler
                0x08042a6c                I2C2_EV_IRQHandler
                0x08042a6c                DMA1_Stream2_IRQHandler
                0x08042a6c                CAN1_RX0_IRQHandler
                0x08042a6c                FPU_IRQHandler
                0x08042a6c                OTG_HS_WKUP_IRQHandler
                0x08042a6c                UsageFault_Handler
                0x08042a6c                DMA2_Stream2_IRQHandler
                0x08042a6c                SPI1_IRQHandler
                0x08042a6c                TIM6_DAC_IRQHandler
                0x08042a6c                TIM1_BRK_TIM9_IRQHandler
                0x08042a6c                DMA2_Stream3_IRQHandler
                0x08042a6c                RTC_ALARM_IRQHandler
                0x08042a6c                SAI2_IRQHandler
                0x08042a6c                USART6_IRQHandler
                0x08042a6c                USART3_IRQHandler
                0x08042a6c                CAN1_RX1_IRQHandler
                0x08042a6c                DMA2_Stream0_IRQHandler
                0x08042a6c                TIM4_IRQHandler
                0x08042a6c                I2C1_EV_IRQHandler
                0x08042a6c                DMA1_Stream6_IRQHandler
                0x08042a6c                DMA1_Stream1_IRQHandler
                0x08042a6c                UART4_IRQHandler
                0x08042a6c                TIM3_IRQHandler
                0x08042a6c                RCC_IRQHandler
                0x08042a6c                TIM8_BRK_TIM12_IRQHandler
                0x08042a6c                Default_Handler
                0x08042a6c                EXTI15_10_IRQHandler
                0x08042a6c                ADC_IRQHandler
                0x08042a6c                DMA1_Stream7_IRQHandler
                0x08042a6c                SPI5_IRQHandler
                0x08042a6c                TIM7_IRQHandler
                0x08042a6c                SDMMC1_IRQHandler
                0x08042a6c                TIM5_IRQHandler
                0x08042a6c                DMA2_Stream7_IRQHandler
                0x08042a6c                I2C3_EV_IRQHandler
                0x08042a6c                EXTI9_5_IRQHandler
                0x08042a6c                RTC_WKUP_IRQHandler
                0x08042a6c                SPI2_IRQHandler
                0x08042a6c                OTG_HS_EP1_IN_IRQHandler
                0x08042a6c                MemManage_Handler
                0x08042a6c                DMA1_Stream0_IRQHandler
                0x08042a6c                CAN1_TX_IRQHandler
                0x08042a6c                SVC_Handler
                0x08042a6c                EXTI4_IRQHandler
                0x08042a6c                RNG_IRQHandler
                0x08042a6c                FSMC_IRQHandler
                0x08042a6c                OTG_HS_EP1_OUT_IRQHandler
                0x08042a6c                WWDG_IRQHandler
                0x08042a6c                TIM2_IRQHandler
                0x08042a6c                OTG_FS_WKUP_IRQHandler
                0x08042a6c                TIM1_TRG_COM_TIM11_IRQHandler
                0x08042a6c                OTG_HS_IRQHandler
                0x08042a6c                EXTI1_IRQHandler
                0x08042a6c                SDMMC2_IRQHandler
                0x08042a6c                AES_IRQHandler
                0x08042a6c                UART7_IRQHandler
                0x08042a6c                USART2_IRQHandler
                0x08042a6c                I2C2_ER_IRQHandler
                0x08042a6c                DMA2_Stream1_IRQHandler
                0x08042a6c                CAN1_SCE_IRQHandler
                0x08042a6c                FLASH_IRQHandler
                0x08042a6c                DMA2_Stream4_IRQHandler
                0x08042a6c                BusFault_Handler
                0x08042a6c                USART1_IRQHandler
                0x08042a6c                OTG_FS_IRQHandler
                0x08042a6c                SPI3_IRQHandler
                0x08042a6c                DMA1_Stream4_IRQHandler
                0x08042a6c                I2C1_ER_IRQHandler
                0x08042a6c                DMA2_Stream6_IRQHandler
                0x08042a6c                SAI1_IRQHandler
                0x08042a6c                DMA1_Stream3_IRQHandler
 .text.atoi     0x08042a6e        0x8 /opt/st/stm32cubeide_2.1.1/plugins/com.st.stm32cube.ide.mcu.externaltools.gnu-tools-for-stm32.14.3.rel1.linux64_1.0.100.202602081740/tools/bin/../lib/gcc/arm-none-eabi/14.3.1/../../../../arm-none-eabi/lib/thumb/v7e-m+fp/hard/libc_nano.a(libc_a-atoi.o)
                0x08042a6e                atoi
 *fill*         0x08042a76        0x2 
 .text._strtol_l.isra.0
                0x08042a78       0xf4 /opt/st/stm32cubeide_2.1.1/plugins/com.st.stm32cube.ide.mcu.externaltools.gnu-tools-for-stm32.14.3.rel1.linux64_1.0.100.202602081740/tools/bin/../lib/gcc/arm-none-eabi/14.3.1/../../../../arm-none-eabi/lib/thumb/v7e-m+fp/hard/libc_nano.a(libc_a-strtol.o)
 .text._strtol_r
                0x08042b6c        0x4 /opt/st/stm32cubeide_2.1.1/plugins/com.st.stm32cube.ide.mcu.externaltools.gnu-tools-for-stm32.14.3.rel1.linux64_1.0.100.202602081740/tools/bin/../lib/gcc/arm-none-eabi/14.3.1/../../../../arm-none-eabi/lib/thumb/v7e-m+fp/hard/libc_nano.a(libc_a-strtol.o)
                0x08042b6c                _strtol_r
 .text.strtol   0x08042b70       0x14 /opt/st/stm32cubeide_2.1.1/plugins/com.st.stm32cube.ide.mcu.externaltools.gnu-tools-for-stm32.14.3.rel1.linux64_1.0.100.202602081740/tools/bin/../lib/gcc/arm-none-eabi/14.3.1/../../../../arm-none-eabi/lib/thumb/v7e-m+fp/hard/libc_nano.a(libc_a-strtol.o)
                0x08042b70                strtol
 .text.snprintf
                0x08042b84       0x6c /opt/st/stm32cubeide_2.1.1/plugins/com.st.stm32cube.ide.mcu.externaltools.gnu-tools-for-stm32.14.3.rel1.linux64_1.0.100.202602081740/tools/bin/../lib/gcc/arm-none-eabi/14.3.1/../../../../arm-none-eabi/lib/thumb/v7e-m+fp/hard/libc_nano.a(libc_a-snprintf.o)
                0x08042b84                snprintf
                0x08042b84                sniprintf
 .text.sscanf   0x08042bf0       0x58 /opt/st/stm32cubeide_2.1.1/plugins/com.st.stm32cube.ide.mcu.externaltools.gnu-tools-for-stm32.14.3.rel1.linux64_1.0.100.202602081740/tools/bin/../lib/gcc/arm-none-eabi/14.3.1/../../../../arm-none-eabi/lib/thumb/v7e-m+fp/hard/libc_nano.a(libc_a-sscanf.o)
                0x08042bf0                sscanf
                0x08042bf0                siscanf
 .text.__seofread
                0x08042c48        0x4 /opt/st/stm32cubeide_2.1.1/plugins/com.st.stm32cube.ide.mcu.externaltools.gnu-tools-for-stm32.14.3.rel1.linux64_1.0.100.202602081740/tools/bin/../lib/gcc/arm-none-eabi/14.3.1/../../../../arm-none-eabi/lib/thumb/v7e-m+fp/hard/libc_nano.a(libc_a-stdio.o)
                0x08042c48                __seofread
 .text._vsnprintf_r
                0x08042c4c       0x5c /opt/st/stm32cubeide_2.1.1/plugins/com.st.stm32cube.ide.mcu.externaltools.gnu-tools-for-stm32.14.3.rel1.linux64_1.0.100.202602081740/tools/bin/../lib/gcc/arm-none-eabi/14.3.1/../../../../arm-none-eabi/lib/thumb/v7e-m+fp/hard/libc_nano.a(libc_a-vsnprintf.o)
                0x08042c4c                _vsnprintf_r
                0x08042c4c                _vsniprintf_r
 .text.vsnprintf
                0x08042ca8       0x1c /opt/st/stm32cubeide_2.1.1/plugins/com.st.stm32cube.ide.mcu.externaltools.gnu-tools-for-stm32.14.3.rel1.linux64_1.0.100.202602081740/tools/bin/../lib/gcc/arm-none-eabi/14.3.1/../../../../arm-none-eabi/lib/thumb/v7e-m+fp/hard/libc_nano.a(libc_a-vsnprintf.o)
                0x08042ca8                vsnprintf
                0x08042ca8                vsniprintf
 .text.memcmp   0x08042cc4       0x20 /opt/st/stm32cubeide_2.1.1/plugins/com.st.stm32cube.ide.mcu.externaltools.gnu-tools-for-stm32.14.3.rel1.linux64_1.0.100.202602081740/tools/bin/../lib/gcc/arm-none-eabi/14.3.1/../../../../arm-none-eabi/lib/thumb/v7e-m+fp/hard/libc_nano.a(libc_a-memcmp.o)
                0x08042cc4                memcmp
 .text.memset   0x08042ce4       0x10 /opt/st/stm32cubeide_2.1.1/plugins/com.st.stm32cube.ide.mcu.externaltools.gnu-tools-for-stm32.14.3.rel1.linux64_1.0.100.202602081740/tools/bin/../lib/gcc/arm-none-eabi/14.3.1/../../../../arm-none-eabi/lib/thumb/v7e-m+fp/hard/libc_nano.a(libc_a-memset.o)
                0x08042ce4                memset
 .text.strncpy  0x08042cf4       0x26 /opt/st/stm32cubeide_2.1.1/plugins/com.st.stm32cube.ide.mcu.externaltools.gnu-tools-for-stm32.14.3.rel1.linux64_1.0.100.202602081740/tools/bin/../lib/gcc/arm-none-eabi/14.3.1/../../../../arm-none-eabi/lib/thumb/v7e-m+fp/hard/libc_nano.a(libc_a-strncpy.o)
                0x08042cf4                strncpy
 .text.strstr   0x08042d1a       0x2c /opt/st/stm32cubeide_2.1.1/plugins/com.st.stm32cube.ide.mcu.externaltools.gnu-tools-for-stm32.14.3.rel1.linux64_1.0.100.202602081740/tools/bin/../lib/gcc/arm-none-eabi/14.3.1/../../../../arm-none-eabi/lib/thumb/v7e-m+fp/hard/libc_nano.a(libc_a-strstr.o)
                0x08042d1a                strstr
 *fill*         0x08042d46        0x2 
 .text.__errno  0x08042d48        0xc /opt/st/stm32cubeide_2.1.1/plugins/com.st.stm32cube.ide.mcu.externaltools.gnu-tools-for-stm32.14.3.rel1.linux64_1.0.100.202602081740/tools/bin/../lib/gcc/arm-none-eabi/14.3.1/../../../../arm-none-eabi/lib/thumb/v7e-m+fp/hard/libc_nano.a(libc_a-errno.o)
                0x08042d48                __errno
 .text.__libc_init_array
                0x08042d54       0x48 /opt/st/stm32cubeide_2.1.1/plugins/com.st.stm32cube.ide.mcu.externaltools.gnu-tools-for-stm32.14.3.rel1.linux64_1.0.100.202602081740/tools/bin/../lib/gcc/arm-none-eabi/14.3.1/../../../../arm-none-eabi/lib/thumb/v7e-m+fp/hard/libc_nano.a(libc_a-init.o)
                0x08042d54                __libc_init_array
 .text.__retarget_lock_acquire_recursive
                0x08042d9c        0x2 /opt/st/stm32cubeide_2.1.1/plugins/com.st.stm32cube.ide.mcu.externaltools.gnu-tools-for-stm32.14.3.rel1.linux64_1.0.100.202602081740/tools/bin/../lib/gcc/arm-none-eabi/14.3.1/../../../../arm-none-eabi/lib/thumb/v7e-m+fp/hard/libc_nano.a(libc_a-lock.o)
                0x08042d9c                __retarget_lock_acquire_recursive
 .text.__retarget_lock_release_recursive
                0x08042d9e        0x2 /opt/st/stm32cubeide_2.1.1/plugins/com.st.stm32cube.ide.mcu.externaltools.gnu-tools-for-stm32.14.3.rel1.linux64_1.0.100.202602081740/tools/bin/../lib/gcc/arm-none-eabi/14.3.1/../../../../arm-none-eabi/lib/thumb/v7e-m+fp/hard/libc_nano.a(libc_a-lock.o)
                0x08042d9e                __retarget_lock_release_recursive
 .text.memcpy   0x08042da0       0x1c /opt/st/stm32cubeide_2.1.1/plugins/com.st.stm32cube.ide.mcu.externaltools.gnu-tools-for-stm32.14.3.rel1.linux64_1.0.100.202602081740/tools/bin/../lib/gcc/arm-none-eabi/14.3.1/../../../../arm-none-eabi/lib/thumb/v7e-m+fp/hard/libc_nano.a(libc_a-memcpy-stub.o)
                0x08042da0                memcpy
 .text._free_r  0x08042dbc       0x94 /opt/st/stm32cubeide_2.1.1/plugins/com.st.stm32cube.ide.mcu.externaltools.gnu-tools-for-stm32.14.3.rel1.linux64_1.0.100.202602081740/tools/bin/../lib/gcc/arm-none-eabi/14.3.1/../../../../arm-none-eabi/lib/thumb/v7e-m+fp/hard/libc_nano.a(libc_a-freer.o)
                0x08042dbc                _free_r
 .text.sbrk_aligned
                0x08042e50       0x44 /opt/st/stm32cubeide_2.1.1/plugins/com.st.stm32cube.ide.mcu.externaltools.gnu-tools-for-stm32.14.3.rel1.linux64_1.0.100.202602081740/tools/bin/../lib/gcc/arm-none-eabi/14.3.1/../../../../arm-none-eabi/lib/thumb/v7e-m+fp/hard/libc_nano.a(libc_a-mallocr.o)
 .text._malloc_r
                0x08042e94      0x100 /opt/st/stm32cubeide_2.1.1/plugins/com.st.stm32cube.ide.mcu.externaltools.gnu-tools-for-stm32.14.3.rel1.linux64_1.0.100.202602081740/tools/bin/../lib/gcc/arm-none-eabi/14.3.1/../../../../arm-none-eabi/lib/thumb/v7e-m+fp/hard/libc_nano.a(libc_a-mallocr.o)
                0x08042e94                _malloc_r
 .text.__malloc_lock
                0x08042f94        0xc /opt/st/stm32cubeide_2.1.1/plugins/com.st.stm32cube.ide.mcu.externaltools.gnu-tools-for-stm32.14.3.rel1.linux64_1.0.100.202602081740/tools/bin/../lib/gcc/arm-none-eabi/14.3.1/../../../../arm-none-eabi/lib/thumb/v7e-m+fp/hard/libc_nano.a(libc_a-mlock.o)
                0x08042f94                __malloc_lock
 .text.__malloc_unlock
                0x08042fa0        0xc /opt/st/stm32cubeide_2.1.1/plugins/com.st.stm32cube.ide.mcu.externaltools.gnu-tools-for-stm32.14.3.rel1.linux64_1.0.100.202602081740/tools/bin/../lib/gcc/arm-none-eabi/14.3.1/../../../../arm-none-eabi/lib/thumb/v7e-m+fp/hard/libc_nano.a(libc_a-mlock.o)
                0x08042fa0                __malloc_unlock
 .text.__ssputs_r
                0x08042fac       0xc0 /opt/st/stm32cubeide_2.1.1/plugins/com.st.stm32cube.ide.mcu.externaltools.gnu-tools-for-stm32.14.3.rel1.linux64_1.0.100.202602081740/tools/bin/../lib/gcc/arm-none-eabi/14.3.1/../../../../arm-none-eabi/lib/thumb/v7e-m+fp/hard/libc_nano.a(libc_a-nano-svfprintf.o)
                0x08042fac                __ssputs_r
 .text._svfprintf_r
                0x0804306c      0x1f0 /opt/st/stm32cubeide_2.1.1/plugins/com.st.stm32cube.ide.mcu.externaltools.gnu-tools-for-stm32.14.3.rel1.linux64_1.0.100.202602081740/tools/bin/../lib/gcc/arm-none-eabi/14.3.1/../../../../arm-none-eabi/lib/thumb/v7e-m+fp/hard/libc_nano.a(libc_a-nano-svfprintf.o)
                0x0804306c                _svfprintf_r
                0x0804306c                _svfiprintf_r
 .text._sungetc_r
                0x0804325c       0x7a /opt/st/stm32cubeide_2.1.1/plugins/com.st.stm32cube.ide.mcu.externaltools.gnu-tools-for-stm32.14.3.rel1.linux64_1.0.100.202602081740/tools/bin/../lib/gcc/arm-none-eabi/14.3.1/../../../../arm-none-eabi/lib/thumb/v7e-m+fp/hard/libc_nano.a(libc_a-nano-svfscanf.o)
                0x0804325c                _sungetc_r
 .text.__ssrefill_r
                0x080432d6       0x3a /opt/st/stm32cubeide_2.1.1/plugins/com.st.stm32cube.ide.mcu.externaltools.gnu-tools-for-stm32.14.3.rel1.linux64_1.0.100.202602081740/tools/bin/../lib/gcc/arm-none-eabi/14.3.1/../../../../arm-none-eabi/lib/thumb/v7e-m+fp/hard/libc_nano.a(libc_a-nano-svfscanf.o)
                0x080432d6                __ssrefill_r
 .text.__ssvfscanf_r
                0x08043310      0x2fc /opt/st/stm32cubeide_2.1.1/plugins/com.st.stm32cube.ide.mcu.externaltools.gnu-tools-for-stm32.14.3.rel1.linux64_1.0.100.202602081740/tools/bin/../lib/gcc/arm-none-eabi/14.3.1/../../../../arm-none-eabi/lib/thumb/v7e-m+fp/hard/libc_nano.a(libc_a-nano-svfscanf.o)
                0x08043310                __ssvfscanf_r
                0x08043310                __ssvfiscanf_r
 .text._printf_common
                0x0804360c       0xda /opt/st/stm32cubeide_2.1.1/plugins/com.st.stm32cube.ide.mcu.externaltools.gnu-tools-for-stm32.14.3.rel1.linux64_1.0.100.202602081740/tools/bin/../lib/gcc/arm-none-eabi/14.3.1/../../../../arm-none-eabi/lib/thumb/v7e-m+fp/hard/libc_nano.a(libc_a-nano-vfprintf_i.o)
                0x0804360c                _printf_common
 *fill*         0x080436e6        0x2 
 .text._printf_i
                0x080436e8      0x24c /opt/st/stm32cubeide_2.1.1/plugins/com.st.stm32cube.ide.mcu.externaltools.gnu-tools-for-stm32.14.3.rel1.linux64_1.0.100.202602081740/tools/bin/../lib/gcc/arm-none-eabi/14.3.1/../../../../arm-none-eabi/lib/thumb/v7e-m+fp/hard/libc_nano.a(libc_a-nano-vfprintf_i.o)
                0x080436e8                _printf_i
 .text._scanf_chars
                0x08043934       0xb4 /opt/st/stm32cubeide_2.1.1/plugins/com.st.stm32cube.ide.mcu.externaltools.gnu-tools-for-stm32.14.3.rel1.linux64_1.0.100.202602081740/tools/bin/../lib/gcc/arm-none-eabi/14.3.1/../../../../arm-none-eabi/lib/thumb/v7e-m+fp/hard/libc_nano.a(libc_a-nano-vfscanf_i.o)
                0x08043934                _scanf_chars
 .text._scanf_i
                0x080439e8      0x1e4 /opt/st/stm32cubeide_2.1.1/plugins/com.st.stm32cube.ide.mcu.externaltools.gnu-tools-for-stm32.14.3.rel1.linux64_1.0.100.202602081740/tools/bin/../lib/gcc/arm-none-eabi/14.3.1/../../../../arm-none-eabi/lib/thumb/v7e-m+fp/hard/libc_nano.a(libc_a-nano-vfscanf_i.o)
                0x080439e8                _scanf_i
 .text.__sccl   0x08043bcc       0x72 /opt/st/stm32cubeide_2.1.1/plugins/com.st.stm32cube.ide.mcu.externaltools.gnu-tools-for-stm32.14.3.rel1.linux64_1.0.100.202602081740/tools/bin/../lib/gcc/arm-none-eabi/14.3.1/../../../../arm-none-eabi/lib/thumb/v7e-m+fp/hard/libc_nano.a(libc_a-sccl.o)
                0x08043bcc                __sccl
 .text.__submore
                0x08043c3e       0x74 /opt/st/stm32cubeide_2.1.1/plugins/com.st.stm32cube.ide.mcu.externaltools.gnu-tools-for-stm32.14.3.rel1.linux64_1.0.100.202602081740/tools/bin/../lib/gcc/arm-none-eabi/14.3.1/../../../../arm-none-eabi/lib/thumb/v7e-m+fp/hard/libc_nano.a(libc_a-ungetc.o)
                0x08043c3e                __submore
 .text.memmove  0x08043cb2       0x32 /opt/st/stm32cubeide_2.1.1/plugins/com.st.stm32cube.ide.mcu.externaltools.gnu-tools-for-stm32.14.3.rel1.linux64_1.0.100.202602081740/tools/bin/../lib/gcc/arm-none-eabi/14.3.1/../../../../arm-none-eabi/lib/thumb/v7e-m+fp/hard/libc_nano.a(libc_a-memmove.o)
                0x08043cb2                memmove
 .text._sbrk_r  0x08043ce4       0x20 /opt/st/stm32cubeide_2.1.1/plugins/com.st.stm32cube.ide.mcu.externaltools.gnu-tools-for-stm32.14.3.rel1.linux64_1.0.100.202602081740/tools/bin/../lib/gcc/arm-none-eabi/14.3.1/../../../../arm-none-eabi/lib/thumb/v7e-m+fp/hard/libc_nano.a(libc_a-sbrkr.o)
                0x08043ce4                _sbrk_r
 .text._realloc_r
                0x08043d04       0x5c /opt/st/stm32cubeide_2.1.1/plugins/com.st.stm32cube.ide.mcu.externaltools.gnu-tools-for-stm32.14.3.rel1.linux64_1.0.100.202602081740/tools/bin/../lib/gcc/arm-none-eabi/14.3.1/../../../../arm-none-eabi/lib/thumb/v7e-m+fp/hard/libc_nano.a(libc_a-reallocr.o)
                0x08043d04                _realloc_r
 .text._strtoul_l.isra.0
                0x08043d60       0xdc /opt/st/stm32cubeide_2.1.1/plugins/com.st.stm32cube.ide.mcu.externaltools.gnu-tools-for-stm32.14.3.rel1.linux64_1.0.100.202602081740/tools/bin/../lib/gcc/arm-none-eabi/14.3.1/../../../../arm-none-eabi/lib/thumb/v7e-m+fp/hard/libc_nano.a(libc_a-strtoul.o)
 .text._strtoul_r
                0x08043e3c        0x4 /opt/st/stm32cubeide_2.1.1/plugins/com.st.stm32cube.ide.mcu.externaltools.gnu-tools-for-stm32.14.3.rel1.linux64_1.0.100.202602081740/tools/bin/../lib/gcc/arm-none-eabi/14.3.1/../../../../arm-none-eabi/lib/thumb/v7e-m+fp/hard/libc_nano.a(libc_a-strtoul.o)
                0x08043e3c                _strtoul_r
 .text._malloc_usable_size_r
                0x08043e40       0x10 /opt/st/stm32cubeide_2.1.1/plugins/com.st.stm32cube.ide.mcu.externaltools.gnu-tools-for-stm32.14.3.rel1.linux64_1.0.100.202602081740/tools/bin/../lib/gcc/arm-none-eabi/14.3.1/../../../../arm-none-eabi/lib/thumb/v7e-m+fp/hard/libc_nano.a(libc_a-msizer.o)
                0x08043e40                _malloc_usable_size_r
 *(.glue_7)
 .glue_7        0x08043e50        0x0 linker stubs
 *(.glue_7t)
 .glue_7t       0x08043e50        0x0 linker stubs
 *(.eh_frame)
 .eh_frame      0x08043e50        0x0 /opt/st/stm32cubeide_2.1.1/plugins/com.st.stm32cube.ide.mcu.externaltools.gnu-tools-for-stm32.14.3.rel1.linux64_1.0.100.202602081740/tools/bin/../lib/gcc/arm-none-eabi/14.3.1/thumb/v7e-m+fp/hard/crtbegin.o
 *(.init)
 .init          0x08043e50        0x4 /opt/st/stm32cubeide_2.1.1/plugins/com.st.stm32cube.ide.mcu.externaltools.gnu-tools-for-stm32.14.3.rel1.linux64_1.0.100.202602081740/tools/bin/../lib/gcc/arm-none-eabi/14.3.1/thumb/v7e-m+fp/hard/crti.o
                0x08043e50                _init
 .init          0x08043e54        0x8 /opt/st/stm32cubeide_2.1.1/plugins/com.st.stm32cube.ide.mcu.externaltools.gnu-tools-for-stm32.14.3.rel1.linux64_1.0.100.202602081740/tools/bin/../lib/gcc/arm-none-eabi/14.3.1/thumb/v7e-m+fp/hard/crtn.o
 *(.fini)
 .fini          0x08043e5c        0x4 /opt/st/stm32cubeide_2.1.1/plugins/com.st.stm32cube.ide.mcu.externaltools.gnu-tools-for-stm32.14.3.rel1.linux64_1.0.100.202602081740/tools/bin/../lib/gcc/arm-none-eabi/14.3.1/thumb/v7e-m+fp/hard/crti.o
                0x08043e5c                _fini
 .fini          0x08043e60        0x8 /opt/st/stm32cubeide_2.1.1/plugins/com.st.stm32cube.ide.mcu.externaltools.gnu-tools-for-stm32.14.3.rel1.linux64_1.0.100.202602081740/tools/bin/../lib/gcc/arm-none-eabi/14.3.1/thumb/v7e-m+fp/hard/crtn.o
                0x08043e68                        . = ALIGN (0x4)
                0x08043e68                        _etext = .

.vfp11_veneer   0x08043e68        0x0
 .vfp11_veneer  0x08043e68        0x0 linker stubs

.v4_bx          0x08043e68        0x0
 .v4_bx         0x08043e68        0x0 linker stubs

.iplt           0x08043e68        0x0
 .iplt          0x08043e68        0x0 /opt/st/stm32cubeide_2.1.1/plugins/com.st.stm32cube.ide.mcu.externaltools.gnu-tools-for-stm32.14.3.rel1.linux64_1.0.100.202602081740/tools/bin/../lib/gcc/arm-none-eabi/14.3.1/thumb/v7e-m+fp/hard/crtbegin.o

.rodata         0x08043e68      0x9fc
                0x08043e68                        . = ALIGN (0x4)
 *(.rodata)
 .rodata        0x08043e68      0x5f9 ./Inc/ESP01S.o
 *fill*         0x08044461        0x3 
 .rodata        0x08044464        0xf ./Inc/MQTTConnectClient.o
 *fill*         0x08044473        0x1 
 .rodata        0x08044474      0x200 ./Inc/ota.o
 .rodata        0x08044674       0x91 ./Src/main.o
 *fill*         0x08044705        0x3 
 .rodata        0x08044708        0xc /opt/st/stm32cubeide_2.1.1/plugins/com.st.stm32cube.ide.mcu.externaltools.gnu-tools-for-stm32.14.3.rel1.linux64_1.0.100.202602081740/tools/bin/../lib/gcc/arm-none-eabi/14.3.1/../../../../arm-none-eabi/lib/thumb/v7e-m+fp/hard/libc_nano.a(libc_a-nano-vfscanf_i.o)
 *(.rodata*)
 .rodata._ctype_
                0x08044714      0x101 /opt/st/stm32cubeide_2.1.1/plugins/com.st.stm32cube.ide.mcu.externaltools.gnu-tools-for-stm32.14.3.rel1.linux64_1.0.100.202602081740/tools/bin/../lib/gcc/arm-none-eabi/14.3.1/../../../../arm-none-eabi/lib/thumb/v7e-m+fp/hard/libc_nano.a(libc_a-ctype_.o)
                0x08044714                _ctype_
 .rodata._svfprintf_r.str1.1
                0x08044815       0x4e /opt/st/stm32cubeide_2.1.1/plugins/com.st.stm32cube.ide.mcu.externaltools.gnu-tools-for-stm32.14.3.rel1.linux64_1.0.100.202602081740/tools/bin/../lib/gcc/arm-none-eabi/14.3.1/../../../../arm-none-eabi/lib/thumb/v7e-m+fp/hard/libc_nano.a(libc_a-nano-svfprintf.o)
                                 0x11 (size before relaxing)
 .rodata.__ssvfscanf_r.str1.1
                0x08044863        0x4 /opt/st/stm32cubeide_2.1.1/plugins/com.st.stm32cube.ide.mcu.externaltools.gnu-tools-for-stm32.14.3.rel1.linux64_1.0.100.202602081740/tools/bin/../lib/gcc/arm-none-eabi/14.3.1/../../../../arm-none-eabi/lib/thumb/v7e-m+fp/hard/libc_nano.a(libc_a-nano-svfscanf.o)
 .rodata._printf_i.str1.1
                0x08044863       0x22 /opt/st/stm32cubeide_2.1.1/plugins/com.st.stm32cube.ide.mcu.externaltools.gnu-tools-for-stm32.14.3.rel1.linux64_1.0.100.202602081740/tools/bin/../lib/gcc/arm-none-eabi/14.3.1/../../../../arm-none-eabi/lib/thumb/v7e-m+fp/hard/libc_nano.a(libc_a-nano-vfprintf_i.o)
 .rodata._scanf_i.str1.1
                0x08044863       0x12 /opt/st/stm32cubeide_2.1.1/plugins/com.st.stm32cube.ide.mcu.externaltools.gnu-tools-for-stm32.14.3.rel1.linux64_1.0.100.202602081740/tools/bin/../lib/gcc/arm-none-eabi/14.3.1/../../../../arm-none-eabi/lib/thumb/v7e-m+fp/hard/libc_nano.a(libc_a-nano-vfscanf_i.o)
 .rodata.str1.1
                0x08044863        0x9 /opt/st/stm32cubeide_2.1.1/plugins/com.st.stm32cube.ide.mcu.externaltools.gnu-tools-for-stm32.14.3.rel1.linux64_1.0.100.202602081740/tools/bin/../lib/gcc/arm-none-eabi/14.3.1/../../../../arm-none-eabi/lib/thumb/v7e-m+fp/hard/libc_nano.a(libc_a-nano-vfscanf_i.o)
                0x08044888                        . = ALIGN (0x4)
 *fill*         0x08044863        0x1 

.ARM.extab      0x08044864        0x0
                0x08044864                        . = ALIGN (0x4)
 *(.ARM.extab* .gnu.linkonce.armextab.*)
                0x08044864                        . = ALIGN (0x4)

.ARM            0x08044864        0x8
                0x08044864                        . = ALIGN (0x4)
                0x08044864                        __exidx_start = .
 *(.ARM.exidx*)
 .ARM.exidx     0x08044864        0x8 /opt/st/stm32cubeide_2.1.1/plugins/com.st.stm32cube.ide.mcu.externaltools.gnu-tools-for-stm32.14.3.rel1.linux64_1.0.100.202602081740/tools/bin/../lib/gcc/arm-none-eabi/14.3.1/../../../../arm-none-eabi/lib/thumb/v7e-m+fp/hard/libc_nano.a(libc_a-strcmp.o)
 .ARM.exidx     0x0804486c        0x0 /opt/st/stm32cubeide_2.1.1/plugins/com.st.stm32cube.ide.mcu.externaltools.gnu-tools-for-stm32.14.3.rel1.linux64_1.0.100.202602081740/tools/bin/../lib/gcc/arm-none-eabi/14.3.1/../../../../arm-none-eabi/lib/thumb/v7e-m+fp/hard/libc_nano.a(libc_a-strlen.o)
                                  0x8 (size before relaxing)
 .ARM.exidx     0x0804486c        0x0 /opt/st/stm32cubeide_2.1.1/plugins/com.st.stm32cube.ide.mcu.externaltools.gnu-tools-for-stm32.14.3.rel1.linux64_1.0.100.202602081740/tools/bin/../lib/gcc/arm-none-eabi/14.3.1/../../../../arm-none-eabi/lib/thumb/v7e-m+fp/hard/libc_nano.a(libc_a-memchr.o)
                                  0x8 (size before relaxing)
                0x0804486c                        __exidx_end = .
                0x0804486c                        . = ALIGN (0x4)

.preinit_array  0x0804486c        0x0
                0x0804486c                        . = ALIGN (0x4)
                0x0804486c                        PROVIDE (__preinit_array_start = .)
 *(.preinit_array*)
                0x0804486c                        PROVIDE (__preinit_array_end = .)
                0x0804486c                        . = ALIGN (0x4)

.init_array     0x0804486c        0x4
                0x0804486c                        . = ALIGN (0x4)
                0x0804486c                        PROVIDE (__init_array_start = .)
 *(SORT_BY_NAME(.init_array.*))
 *(.init_array*)
 .init_array    0x0804486c        0x4 /opt/st/stm32cubeide_2.1.1/plugins/com.st.stm32cube.ide.mcu.externaltools.gnu-tools-for-stm32.14.3.rel1.linux64_1.0.100.202602081740/tools/bin/../lib/gcc/arm-none-eabi/14.3.1/thumb/v7e-m+fp/hard/crtbegin.o
                0x08044870                        PROVIDE (__init_array_end = .)
                0x08044870                        . = ALIGN (0x4)

.fini_array     0x08044870        0x4
                0x08044870                        . = ALIGN (0x4)
                [!provide]                        PROVIDE (__fini_array_start = .)
 *(SORT_BY_NAME(.fini_array.*))
 *(.fini_array*)
 .fini_array    0x08044870        0x4 /opt/st/stm32cubeide_2.1.1/plugins/com.st.stm32cube.ide.mcu.externaltools.gnu-tools-for-stm32.14.3.rel1.linux64_1.0.100.202602081740/tools/bin/../lib/gcc/arm-none-eabi/14.3.1/thumb/v7e-m+fp/hard/crtbegin.o
                [!provide]                        PROVIDE (__fini_array_end = .)
                0x08044874                        . = ALIGN (0x4)
                0x08044874                        _sidata = LOADADDR (.data)

.rel.dyn        0x08044874        0x0
 .rel.iplt      0x08044874        0x0 /opt/st/stm32cubeide_2.1.1/plugins/com.st.stm32cube.ide.mcu.externaltools.gnu-tools-for-stm32.14.3.rel1.linux64_1.0.100.202602081740/tools/bin/../lib/gcc/arm-none-eabi/14.3.1/thumb/v7e-m+fp/hard/crtbegin.o

.data           0x20000000       0x50 load address 0x08044874
                0x20000000                        . = ALIGN (0x4)
                0x20000000                        _sdata = .
 *(.data)
 *(.data*)
 .data._impure_ptr
                0x20000000        0x4 /opt/st/stm32cubeide_2.1.1/plugins/com.st.stm32cube.ide.mcu.externaltools.gnu-tools-for-stm32.14.3.rel1.linux64_1.0.100.202602081740/tools/bin/../lib/gcc/arm-none-eabi/14.3.1/../../../../arm-none-eabi/lib/thumb/v7e-m+fp/hard/libc_nano.a(libc_a-impure.o)
                0x20000000                _impure_ptr
 .data._impure_data
                0x20000004       0x4c /opt/st/stm32cubeide_2.1.1/plugins/com.st.stm32cube.ide.mcu.externaltools.gnu-tools-for-stm32.14.3.rel1.linux64_1.0.100.202602081740/tools/bin/../lib/gcc/arm-none-eabi/14.3.1/../../../../arm-none-eabi/lib/thumb/v7e-m+fp/hard/libc_nano.a(libc_a-impure.o)
                0x20000004                _impure_data
 *(.RamFunc)
 *(.RamFunc*)
                0x20000050                        . = ALIGN (0x4)
                0x20000050                        _edata = .

.igot.plt       0x20000050        0x0 load address 0x080448c4
 .igot.plt      0x20000050        0x0 /opt/st/stm32cubeide_2.1.1/plugins/com.st.stm32cube.ide.mcu.externaltools.gnu-tools-for-stm32.14.3.rel1.linux64_1.0.100.202602081740/tools/bin/../lib/gcc/arm-none-eabi/14.3.1/thumb/v7e-m+fp/hard/crtbegin.o
                0x20000050                        . = ALIGN (0x4)

.bss            0x20000050      0xaac load address 0x080448c4
                0x20000050                        _sbss = .
                0x20000050                        __bss_start__ = _sbss
 *(.bss)
 .bss           0x20000050       0x1c /opt/st/stm32cubeide_2.1.1/plugins/com.st.stm32cube.ide.mcu.externaltools.gnu-tools-for-stm32.14.3.rel1.linux64_1.0.100.202602081740/tools/bin/../lib/gcc/arm-none-eabi/14.3.1/thumb/v7e-m+fp/hard/crtbegin.o
 *(.bss*)
 .bss.bufptr    0x2000006c        0x4 ./Inc/MQTTPacket.o
 .bss.msTicks   0x20000070        0x4 ./Inc/bsp.o
                0x20000070                msTicks
 .bss.ota_ctx   0x20000074       0x30 ./Inc/ota.o
 .bss.esp01s    0x200000a4      0x90c ./Src/main.o
                0x200000a4                esp01s
 .bss.__sbrk_heap_end
                0x200009b0        0x4 ./Src/sysmem.o
 .bss.__sf      0x200009b4      0x138 /opt/st/stm32cubeide_2.1.1/plugins/com.st.stm32cube.ide.mcu.externaltools.gnu-tools-for-stm32.14.3.rel1.linux64_1.0.100.202602081740/tools/bin/../lib/gcc/arm-none-eabi/14.3.1/../../../../arm-none-eabi/lib/thumb/v7e-m+fp/hard/libc_nano.a(libc_a-findfp.o)
                0x200009b4                __sf
 .bss.errno     0x20000aec        0x4 /opt/st/stm32cubeide_2.1.1/plugins/com.st.stm32cube.ide.mcu.externaltools.gnu-tools-for-stm32.14.3.rel1.linux64_1.0.100.202602081740/tools/bin/../lib/gcc/arm-none-eabi/14.3.1/../../../../arm-none-eabi/lib/thumb/v7e-m+fp/hard/libc_nano.a(libc_a-reent.o)
                0x20000aec                errno
 .bss.__lock___malloc_recursive_mutex
                0x20000af0        0x1 /opt/st/stm32cubeide_2.1.1/plugins/com.st.stm32cube.ide.mcu.externaltools.gnu-tools-for-stm32.14.3.rel1.linux64_1.0.100.202602081740/tools/bin/../lib/gcc/arm-none-eabi/14.3.1/../../../../arm-none-eabi/lib/thumb/v7e-m+fp/hard/libc_nano.a(libc_a-lock.o)
                0x20000af0                __lock___malloc_recursive_mutex
 *fill*         0x20000af1        0x3 
 .bss.__malloc_sbrk_start
                0x20000af4        0x4 /opt/st/stm32cubeide_2.1.1/plugins/com.st.stm32cube.ide.mcu.externaltools.gnu-tools-for-stm32.14.3.rel1.linux64_1.0.100.202602081740/tools/bin/../lib/gcc/arm-none-eabi/14.3.1/../../../../arm-none-eabi/lib/thumb/v7e-m+fp/hard/libc_nano.a(libc_a-mallocr.o)
                0x20000af4                __malloc_sbrk_start
 .bss.__malloc_free_list
                0x20000af8        0x4 /opt/st/stm32cubeide_2.1.1/plugins/com.st.stm32cube.ide.mcu.externaltools.gnu-tools-for-stm32.14.3.rel1.linux64_1.0.100.202602081740/tools/bin/../lib/gcc/arm-none-eabi/14.3.1/../../../../arm-none-eabi/lib/thumb/v7e-m+fp/hard/libc_nano.a(libc_a-mallocr.o)
                0x20000af8                __malloc_free_list
 *(COMMON)
                0x20000afc                        . = ALIGN (0x4)
                0x20000afc                        _ebss = .
                0x20000afc                        __bss_end__ = _ebss

._user_heap_stack
                0x20000afc      0x604 load address 0x080448c4
                0x20000b00                        . = ALIGN (0x8)
 *fill*         0x20000afc        0x4 
                [!provide]                        PROVIDE (end = .)
                0x20000b00                        PROVIDE (_end = .)
                0x20000d00                        . = (. + _Min_Heap_Size)
 *fill*         0x20000b00      0x200 
                0x20001100                        . = (. + _Min_Stack_Size)
 *fill*         0x20000d00      0x400 
                0x20001100                        . = ALIGN (0x8)

/DISCARD/
 libc.a(*)
 libm.a(*)
 libgcc.a(*)

.ARM.attributes
                0x00000000       0x30
 *(.ARM.attributes)
 .ARM.attributes
                0x00000000       0x22 /opt/st/stm32cubeide_2.1.1/plugins/com.st.stm32cube.ide.mcu.externaltools.gnu-tools-for-stm32.14.3.rel1.linux64_1.0.100.202602081740/tools/bin/../lib/gcc/arm-none-eabi/14.3.1/thumb/v7e-m+fp/hard/crti.o
 .ARM.attributes
                0x00000022       0x34 /opt/st/stm32cubeide_2.1.1/plugins/com.st.stm32cube.ide.mcu.externaltools.gnu-tools-for-stm32.14.3.rel1.linux64_1.0.100.202602081740/tools/bin/../lib/gcc/arm-none-eabi/14.3.1/thumb/v7e-m+fp/hard/crtbegin.o
 .ARM.attributes
                0x00000056       0x34 ./Inc/ESP01S.o
 .ARM.attributes
                0x0000008a       0x34 ./Inc/MQTTConnectClient.o
 .ARM.attributes
                0x000000be       0x34 ./Inc/MQTTDeserializePublish.o
 .ARM.attributes
                0x000000f2       0x34 ./Inc/MQTTPacket.o
 .ARM.attributes
                0x00000126       0x34 ./Inc/MQTTSerializePublish.o
 .ARM.attributes
                0x0000015a       0x34 ./Inc/MQTTSubscribeClient.o
 .ARM.attributes
                0x0000018e       0x34 ./Inc/RingBuffer.o
 .ARM.attributes
                0x000001c2       0x34 ./Inc/bsp.o
 .ARM.attributes
                0x000001f6       0x34 ./Inc/ota.o
 .ARM.attributes
                0x0000022a       0x34 ./Src/main.o
 .ARM.attributes
                0x0000025e       0x34 ./Src/sysmem.o
 .ARM.attributes
                0x00000292       0x21 ./Startup/startup_stm32f723iekx.o
 .ARM.attributes
                0x000002b3       0x34 /opt/st/stm32cubeide_2.1.1/plugins/com.st.stm32cube.ide.mcu.externaltools.gnu-tools-for-stm32.14.3.rel1.linux64_1.0.100.202602081740/tools/bin/../lib/gcc/arm-none-eabi/14.3.1/../../../../arm-none-eabi/lib/thumb/v7e-m+fp/hard/libc_nano.a(libc_a-atoi.o)
 .ARM.attributes
                0x000002e7       0x34 /opt/st/stm32cubeide_2.1.1/plugins/com.st.stm32cube.ide.mcu.externaltools.gnu-tools-for-stm32.14.3.rel1.linux64_1.0.100.202602081740/tools/bin/../lib/gcc/arm-none-eabi/14.3.1/../../../../arm-none-eabi/lib/thumb/v7e-m+fp/hard/libc_nano.a(libc_a-strtol.o)
 .ARM.attributes
                0x0000031b       0x34 /opt/st/stm32cubeide_2.1.1/plugins/com.st.stm32cube.ide.mcu.externaltools.gnu-tools-for-stm32.14.3.rel1.linux64_1.0.100.202602081740/tools/bin/../lib/gcc/arm-none-eabi/14.3.1/../../../../arm-none-eabi/lib/thumb/v7e-m+fp/hard/libc_nano.a(libc_a-ctype_.o)
 .ARM.attributes
                0x0000034f       0x34 /opt/st/stm32cubeide_2.1.1/plugins/com.st.stm32cube.ide.mcu.externaltools.gnu-tools-for-stm32.14.3.rel1.linux64_1.0.100.202602081740/tools/bin/../lib/gcc/arm-none-eabi/14.3.1/../../../../arm-none-eabi/lib/thumb/v7e-m+fp/hard/libc_nano.a(libc_a-findfp.o)
 .ARM.attributes
                0x00000383       0x34 /opt/st/stm32cubeide_2.1.1/plugins/com.st.stm32cube.ide.mcu.externaltools.gnu-tools-for-stm32.14.3.rel1.linux64_1.0.100.202602081740/tools/bin/../lib/gcc/arm-none-eabi/14.3.1/../../../../arm-none-eabi/lib/thumb/v7e-m+fp/hard/libc_nano.a(libc_a-snprintf.o)
 .ARM.attributes
                0x000003b7       0x34 /opt/st/stm32cubeide_2.1.1/plugins/com.st.stm32cube.ide.mcu.externaltools.gnu-tools-for-stm32.14.3.rel1.linux64_1.0.100.202602081740/tools/bin/../lib/gcc/arm-none-eabi/14.3.1/../../../../arm-none-eabi/lib/thumb/v7e-m+fp/hard/libc_nano.a(libc_a-sscanf.o)
 .ARM.attributes
                0x000003eb       0x34 /opt/st/stm32cubeide_2.1.1/plugins/com.st.stm32cube.ide.mcu.externaltools.gnu-tools-for-stm32.14.3.rel1.linux64_1.0.100.202602081740/tools/bin/../lib/gcc/arm-none-eabi/14.3.1/../../../../arm-none-eabi/lib/thumb/v7e-m+fp/hard/libc_nano.a(libc_a-stdio.o)
 .ARM.attributes
                0x0000041f       0x34 /opt/st/stm32cubeide_2.1.1/plugins/com.st.stm32cube.ide.mcu.externaltools.gnu-tools-for-stm32.14.3.rel1.linux64_1.0.100.202602081740/tools/bin/../lib/gcc/arm-none-eabi/14.3.1/../../../../arm-none-eabi/lib/thumb/v7e-m+fp/hard/libc_nano.a(libc_a-vsnprintf.o)
 .ARM.attributes
                0x00000453       0x34 /opt/st/stm32cubeide_2.1.1/plugins/com.st.stm32cube.ide.mcu.externaltools.gnu-tools-for-stm32.14.3.rel1.linux64_1.0.100.202602081740/tools/bin/../lib/gcc/arm-none-eabi/14.3.1/../../../../arm-none-eabi/lib/thumb/v7e-m+fp/hard/libc_nano.a(libc_a-memcmp.o)
 .ARM.attributes
                0x00000487       0x34 /opt/st/stm32cubeide_2.1.1/plugins/com.st.stm32cube.ide.mcu.externaltools.gnu-tools-for-stm32.14.3.rel1.linux64_1.0.100.202602081740/tools/bin/../lib/gcc/arm-none-eabi/14.3.1/../../../../arm-none-eabi/lib/thumb/v7e-m+fp/hard/libc_nano.a(libc_a-memset.o)
 .ARM.attributes
                0x000004bb       0x34 /opt/st/stm32cubeide_2.1.1/plugins/com.st.stm32cube.ide.mcu.externaltools.gnu-tools-for-stm32.14.3.rel1.linux64_1.0.100.202602081740/tools/bin/../lib/gcc/arm-none-eabi/14.3.1/../../../../arm-none-eabi/lib/thumb/v7e-m+fp/hard/libc_nano.a(libc_a-strncpy.o)
 .ARM.attributes
                0x000004ef       0x34 /opt/st/stm32cubeide_2.1.1/plugins/com.st.stm32cube.ide.mcu.externaltools.gnu-tools-for-stm32.14.3.rel1.linux64_1.0.100.202602081740/tools/bin/../lib/gcc/arm-none-eabi/14.3.1/../../../../arm-none-eabi/lib/thumb/v7e-m+fp/hard/libc_nano.a(libc_a-strstr.o)
 .ARM.attributes
                0x00000523       0x34 /opt/st/stm32cubeide_2.1.1/plugins/com.st.stm32cube.ide.mcu.externaltools.gnu-tools-for-stm32.14.3.rel1.linux64_1.0.100.202602081740/tools/bin/../lib/gcc/arm-none-eabi/14.3.1/../../../../arm-none-eabi/lib/thumb/v7e-m+fp/hard/libc_nano.a(libc_a-reent.o)
 .ARM.attributes
                0x00000557       0x34 /opt/st/stm32cubeide_2.1.1/plugins/com.st.stm32cube.ide.mcu.externaltools.gnu-tools-for-stm32.14.3.rel1.linux64_1.0.100.202602081740/tools/bin/../lib/gcc/arm-none-eabi/14.3.1/../../../../arm-none-eabi/lib/thumb/v7e-m+fp/hard/libc_nano.a(libc_a-impure.o)
 .ARM.attributes
                0x0000058b       0x34 /opt/st/stm32cubeide_2.1.1/plugins/com.st.stm32cube.ide.mcu.externaltools.gnu-tools-for-stm32.14.3.rel1.linux64_1.0.100.202602081740/tools/bin/../lib/gcc/arm-none-eabi/14.3.1/../../../../arm-none-eabi/lib/thumb/v7e-m+fp/hard/libc_nano.a(libc_a-errno.o)
 .ARM.attributes
                0x000005bf       0x34 /opt/st/stm32cubeide_2.1.1/plugins/com.st.stm32cube.ide.mcu.externaltools.gnu-tools-for-stm32.14.3.rel1.linux64_1.0.100.202602081740/tools/bin/../lib/gcc/arm-none-eabi/14.3.1/../../../../arm-none-eabi/lib/thumb/v7e-m+fp/hard/libc_nano.a(libc_a-init.o)
 .ARM.attributes
                0x000005f3       0x34 /opt/st/stm32cubeide_2.1.1/plugins/com.st.stm32cube.ide.mcu.externaltools.gnu-tools-for-stm32.14.3.rel1.linux64_1.0.100.202602081740/tools/bin/../lib/gcc/arm-none-eabi/14.3.1/../../../../arm-none-eabi/lib/thumb/v7e-m+fp/hard/libc_nano.a(libc_a-lock.o)
 .ARM.attributes
                0x00000627       0x20 /opt/st/stm32cubeide_2.1.1/plugins/com.st.stm32cube.ide.mcu.externaltools.gnu-tools-for-stm32.14.3.rel1.linux64_1.0.100.202602081740/tools/bin/../lib/gcc/arm-none-eabi/14.3.1/../../../../arm-none-eabi/lib/thumb/v7e-m+fp/hard/libc_nano.a(libc_a-strcmp.o)
 .ARM.attributes
                0x00000647       0x34 /opt/st/stm32cubeide_2.1.1/plugins/com.st.stm32cube.ide.mcu.externaltools.gnu-tools-for-stm32.14.3.rel1.linux64_1.0.100.202602081740/tools/bin/../lib/gcc/arm-none-eabi/14.3.1/../../../../arm-none-eabi/lib/thumb/v7e-m+fp/hard/libc_nano.a(libc_a-memcpy-stub.o)
 .ARM.attributes
                0x0000067b       0x17 /opt/st/stm32cubeide_2.1.1/plugins/com.st.stm32cube.ide.mcu.externaltools.gnu-tools-for-stm32.14.3.rel1.linux64_1.0.100.202602081740/tools/bin/../lib/gcc/arm-none-eabi/14.3.1/../../../../arm-none-eabi/lib/thumb/v7e-m+fp/hard/libc_nano.a(libc_a-strlen.o)
 .ARM.attributes
                0x00000692       0x34 /opt/st/stm32cubeide_2.1.1/plugins/com.st.stm32cube.ide.mcu.externaltools.gnu-tools-for-stm32.14.3.rel1.linux64_1.0.100.202602081740/tools/bin/../lib/gcc/arm-none-eabi/14.3.1/../../../../arm-none-eabi/lib/thumb/v7e-m+fp/hard/libc_nano.a(libc_a-freer.o)
 .ARM.attributes
                0x000006c6       0x34 /opt/st/stm32cubeide_2.1.1/plugins/com.st.stm32cube.ide.mcu.externaltools.gnu-tools-for-stm32.14.3.rel1.linux64_1.0.100.202602081740/tools/bin/../lib/gcc/arm-none-eabi/14.3.1/../../../../arm-none-eabi/lib/thumb/v7e-m+fp/hard/libc_nano.a(libc_a-mallocr.o)
 .ARM.attributes
                0x000006fa       0x34 /opt/st/stm32cubeide_2.1.1/plugins/com.st.stm32cube.ide.mcu.externaltools.gnu-tools-for-stm32.14.3.rel1.linux64_1.0.100.202602081740/tools/bin/../lib/gcc/arm-none-eabi/14.3.1/../../../../arm-none-eabi/lib/thumb/v7e-m+fp/hard/libc_nano.a(libc_a-mlock.o)
 .ARM.attributes
                0x0000072e       0x34 /opt/st/stm32cubeide_2.1.1/plugins/com.st.stm32cube.ide.mcu.externaltools.gnu-tools-for-stm32.14.3.rel1.linux64_1.0.100.202602081740/tools/bin/../lib/gcc/arm-none-eabi/14.3.1/../../../../arm-none-eabi/lib/thumb/v7e-m+fp/hard/libc_nano.a(libc_a-nano-svfprintf.o)
 .ARM.attributes
                0x00000762       0x34 /opt/st/stm32cubeide_2.1.1/plugins/com.st.stm32cube.ide.mcu.externaltools.gnu-tools-for-stm32.14.3.rel1.linux64_1.0.100.202602081740/tools/bin/../lib/gcc/arm-none-eabi/14.3.1/../../../../arm-none-eabi/lib/thumb/v7e-m+fp/hard/libc_nano.a(libc_a-nano-svfscanf.o)
 .ARM.attributes
                0x00000796       0x34 /opt/st/stm32cubeide_2.1.1/plugins/com.st.stm32cube.ide.mcu.externaltools.gnu-tools-for-stm32.14.3.rel1.linux64_1.0.100.202602081740/tools/bin/../lib/gcc/arm-none-eabi/14.3.1/../../../../arm-none-eabi/lib/thumb/v7e-m+fp/hard/libc_nano.a(libc_a-nano-vfprintf_i.o)
 .ARM.attributes
                0x000007ca       0x34 /opt/st/stm32cubeide_2.1.1/plugins/com.st.stm32cube.ide.mcu.externaltools.gnu-tools-for-stm32.14.3.rel1.linux64_1.0.100.202602081740/tools/bin/../lib/gcc/arm-none-eabi/14.3.1/../../../../arm-none-eabi/lib/thumb/v7e-m+fp/hard/libc_nano.a(libc_a-nano-vfscanf_i.o)
 .ARM.attributes
                0x000007fe       0x34 /opt/st/stm32cubeide_2.1.1/plugins/com.st.stm32cube.ide.mcu.externaltools.gnu-tools-for-stm32.14.3.rel1.linux64_1.0.100.202602081740/tools/bin/../lib/gcc/arm-none-eabi/14.3.1/../../../../arm-none-eabi/lib/thumb/v7e-m+fp/hard/libc_nano.a(libc_a-sccl.o)
 .ARM.attributes
                0x00000832       0x34 /opt/st/stm32cubeide_2.1.1/plugins/com.st.stm32cube.ide.mcu.externaltools.gnu-tools-for-stm32.14.3.rel1.linux64_1.0.100.202602081740/tools/bin/../lib/gcc/arm-none-eabi/14.3.1/../../../../arm-none-eabi/lib/thumb/v7e-m+fp/hard/libc_nano.a(libc_a-ungetc.o)
 .ARM.attributes
                0x00000866       0x34 /opt/st/stm32cubeide_2.1.1/plugins/com.st.stm32cube.ide.mcu.externaltools.gnu-tools-for-stm32.14.3.rel1.linux64_1.0.100.202602081740/tools/bin/../lib/gcc/arm-none-eabi/14.3.1/../../../../arm-none-eabi/lib/thumb/v7e-m+fp/hard/libc_nano.a(libc_a-memmove.o)
 .ARM.attributes
                0x0000089a       0x34 /opt/st/stm32cubeide_2.1.1/plugins/com.st.stm32cube.ide.mcu.externaltools.gnu-tools-for-stm32.14.3.rel1.linux64_1.0.100.202602081740/tools/bin/../lib/gcc/arm-none-eabi/14.3.1/../../../../arm-none-eabi/lib/thumb/v7e-m+fp/hard/libc_nano.a(libc_a-sbrkr.o)
 .ARM.attributes
                0x000008ce       0x1c /opt/st/stm32cubeide_2.1.1/plugins/com.st.stm32cube.ide.mcu.externaltools.gnu-tools-for-stm32.14.3.rel1.linux64_1.0.100.202602081740/tools/bin/../lib/gcc/arm-none-eabi/14.3.1/../../../../arm-none-eabi/lib/thumb/v7e-m+fp/hard/libc_nano.a(libc_a-memchr.o)
 .ARM.attributes
                0x000008ea       0x34 /opt/st/stm32cubeide_2.1.1/plugins/com.st.stm32cube.ide.mcu.externaltools.gnu-tools-for-stm32.14.3.rel1.linux64_1.0.100.202602081740/tools/bin/../lib/gcc/arm-none-eabi/14.3.1/../../../../arm-none-eabi/lib/thumb/v7e-m+fp/hard/libc_nano.a(libc_a-reallocr.o)
 .ARM.attributes
                0x0000091e       0x34 /opt/st/stm32cubeide_2.1.1/plugins/com.st.stm32cube.ide.mcu.externaltools.gnu-tools-for-stm32.14.3.rel1.linux64_1.0.100.202602081740/tools/bin/../lib/gcc/arm-none-eabi/14.3.1/../../../../arm-none-eabi/lib/thumb/v7e-m+fp/hard/libc_nano.a(libc_a-strtoul.o)
 .ARM.attributes
                0x00000952       0x34 /opt/st/stm32cubeide_2.1.1/plugins/com.st.stm32cube.ide.mcu.externaltools.gnu-tools-for-stm32.14.3.rel1.linux64_1.0.100.202602081740/tools/bin/../lib/gcc/arm-none-eabi/14.3.1/../../../../arm-none-eabi/lib/thumb/v7e-m+fp/hard/libc_nano.a(libc_a-msizer.o)
 .ARM.attributes
                0x00000986       0x22 /opt/st/stm32cubeide_2.1.1/plugins/com.st.stm32cube.ide.mcu.externaltools.gnu-tools-for-stm32.14.3.rel1.linux64_1.0.100.202602081740/tools/bin/../lib/gcc/arm-none-eabi/14.3.1/thumb/v7e-m+fp/hard/crtn.o
OUTPUT(thingsboard_ota.elf elf32-littlearm)
LOAD linker stubs
LOAD /opt/st/stm32cubeide_2.1.1/plugins/com.st.stm32cube.ide.mcu.externaltools.gnu-tools-for-stm32.14.3.rel1.linux64_1.0.100.202602081740/tools/bin/../lib/gcc/arm-none-eabi/14.3.1/../../../../arm-none-eabi/lib/thumb/v7e-m+fp/hard/libc.a
LOAD /opt/st/stm32cubeide_2.1.1/plugins/com.st.stm32cube.ide.mcu.externaltools.gnu-tools-for-stm32.14.3.rel1.linux64_1.0.100.202602081740/tools/bin/../lib/gcc/arm-none-eabi/14.3.1/../../../../arm-none-eabi/lib/thumb/v7e-m+fp/hard/libm.a
LOAD /opt/st/stm32cubeide_2.1.1/plugins/com.st.stm32cube.ide.mcu.externaltools.gnu-tools-for-stm32.14.3.rel1.linux64_1.0.100.202602081740/tools/bin/../lib/gcc/arm-none-eabi/14.3.1/thumb/v7e-m+fp/hard/libgcc.a

.debug_info     0x00000000     0x4e00
 .debug_info    0x00000000      0xec2 ./Inc/ESP01S.o
 .debug_info    0x00000ec2      0x6fa ./Inc/MQTTConnectClient.o
 .debug_info    0x000015bc      0x3cf ./Inc/MQTTDeserializePublish.o
 .debug_info    0x0000198b      0x7dc ./Inc/MQTTPacket.o
 .debug_info    0x00002167      0x50c ./Inc/MQTTSerializePublish.o
 .debug_info    0x00002673      0x483 ./Inc/MQTTSubscribeClient.o
 .debug_info    0x00002af6      0x269 ./Inc/RingBuffer.o
 .debug_info    0x00002d5f      0x60e ./Inc/bsp.o
 .debug_info    0x0000336d      0x898 ./Inc/ota.o
 .debug_info    0x00003c05     0x1063 ./Src/main.o
 .debug_info    0x00004c68      0x168 ./Src/sysmem.o
 .debug_info    0x00004dd0       0x30 ./Startup/startup_stm32f723iekx.o

.debug_abbrev   0x00000000     0x176d
 .debug_abbrev  0x00000000      0x323 ./Inc/ESP01S.o
 .debug_abbrev  0x00000323      0x1db ./Inc/MQTTConnectClient.o
 .debug_abbrev  0x000004fe      0x192 ./Inc/MQTTDeserializePublish.o
 .debug_abbrev  0x00000690      0x2b2 ./Inc/MQTTPacket.o
 .debug_abbrev  0x00000942      0x1c1 ./Inc/MQTTSerializePublish.o
 .debug_abbrev  0x00000b03      0x1b6 ./Inc/MQTTSubscribeClient.o
 .debug_abbrev  0x00000cb9      0x166 ./Inc/RingBuffer.o
 .debug_abbrev  0x00000e1f      0x258 ./Inc/bsp.o
 .debug_abbrev  0x00001077      0x2bf ./Inc/ota.o
 .debug_abbrev  0x00001336      0x357 ./Src/main.o
 .debug_abbrev  0x0000168d       0xbc ./Src/sysmem.o
 .debug_abbrev  0x00001749       0x24 ./Startup/startup_stm32f723iekx.o

.debug_aranges  0x00000000      0x498
 .debug_aranges
                0x00000000       0x80 ./Inc/ESP01S.o
 .debug_aranges
                0x00000080       0x48 ./Inc/MQTTConnectClient.o
 .debug_aranges
                0x000000c8       0x28 ./Inc/MQTTDeserializePublish.o
 .debug_aranges
                0x000000f0       0xa8 ./Inc/MQTTPacket.o
 .debug_aranges
                0x00000198       0x48 ./Inc/MQTTSerializePublish.o
 .debug_aranges
                0x000001e0       0x30 ./Inc/MQTTSubscribeClient.o
 .debug_aranges
                0x00000210       0x48 ./Inc/RingBuffer.o
 .debug_aranges
                0x00000258       0x88 ./Inc/bsp.o
 .debug_aranges
                0x000002e0       0xb0 ./Inc/ota.o
 .debug_aranges
                0x00000390       0xc0 ./Src/main.o
 .debug_aranges
                0x00000450       0x20 ./Src/sysmem.o
 .debug_aranges
                0x00000470       0x28 ./Startup/startup_stm32f723iekx.o

.debug_rnglists
                0x00000000      0x383
 .debug_rnglists
                0x00000000       0x7f ./Inc/ESP01S.o
 .debug_rnglists
                0x0000007f       0x34 ./Inc/MQTTConnectClient.o
 .debug_rnglists
                0x000000b3       0x1b ./Inc/MQTTDeserializePublish.o
 .debug_rnglists
                0x000000ce       0x94 ./Inc/MQTTPacket.o
 .debug_rnglists
                0x00000162       0x33 ./Inc/MQTTSerializePublish.o
 .debug_rnglists
                0x00000195       0x21 ./Inc/MQTTSubscribeClient.o
 .debug_rnglists
                0x000001b6       0x31 ./Inc/RingBuffer.o
 .debug_rnglists
                0x000001e7       0x61 ./Inc/bsp.o
 .debug_rnglists
                0x00000248       0x82 ./Inc/ota.o
 .debug_rnglists
                0x000002ca       0x8d ./Src/main.o
 .debug_rnglists
                0x00000357       0x13 ./Src/sysmem.o
 .debug_rnglists
                0x0000036a       0x19 ./Startup/startup_stm32f723iekx.o

.debug_macro    0x00000000     0x3c87
 .debug_macro   0x00000000      0x222 ./Inc/ESP01S.o
 .debug_macro   0x00000222      0xae4 ./Inc/ESP01S.o
 .debug_macro   0x00000d06       0x22 ./Inc/ESP01S.o
 .debug_macro   0x00000d28       0x8e ./Inc/ESP01S.o
 .debug_macro   0x00000db6       0x51 ./Inc/ESP01S.o
 .debug_macro   0x00000e07      0x103 ./Inc/ESP01S.o
 .debug_macro   0x00000f0a       0x6a ./Inc/ESP01S.o
 .debug_macro   0x00000f74      0x1df ./Inc/ESP01S.o
 .debug_macro   0x00001153       0x10 ./Inc/ESP01S.o
 .debug_macro   0x00001163      0x510 ./Inc/ESP01S.o
 .debug_macro   0x00001673       0x10 ./Inc/ESP01S.o
 .debug_macro   0x00001683       0x61 ./Inc/ESP01S.o
 .debug_macro   0x000016e4       0x2a ./Inc/ESP01S.o
 .debug_macro   0x0000170e       0x43 ./Inc/ESP01S.o
 .debug_macro   0x00001751       0x34 ./Inc/ESP01S.o
 .debug_macro   0x00001785       0x16 ./Inc/ESP01S.o
 .debug_macro   0x0000179b       0x9e ./Inc/ESP01S.o
 .debug_macro   0x00001839      0x364 ./Inc/ESP01S.o
 .debug_macro   0x00001b9d      0x112 ./Inc/ESP01S.o
 .debug_macro   0x00001caf       0x10 ./Inc/ESP01S.o
 .debug_macro   0x00001cbf       0x16 ./Inc/ESP01S.o
 .debug_macro   0x00001cd5       0x4a ./Inc/ESP01S.o
 .debug_macro   0x00001d1f       0x34 ./Inc/ESP01S.o
 .debug_macro   0x00001d53       0x10 ./Inc/ESP01S.o
 .debug_macro   0x00001d63       0x58 ./Inc/ESP01S.o
 .debug_macro   0x00001dbb       0x8e ./Inc/ESP01S.o
 .debug_macro   0x00001e49       0x1c ./Inc/ESP01S.o
 .debug_macro   0x00001e65      0x17e ./Inc/ESP01S.o
 .debug_macro   0x00001fe3       0x16 ./Inc/ESP01S.o
 .debug_macro   0x00001ff9       0x16 ./Inc/ESP01S.o
 .debug_macro   0x0000200f      0x146 ./Inc/ESP01S.o
 .debug_macro   0x00002155       0x16 ./Inc/ESP01S.o
 .debug_macro   0x0000216b       0x3c ./Inc/ESP01S.o
 .debug_macro   0x000021a7       0x20 ./Inc/ESP01S.o
 .debug_macro   0x000021c7       0x16 ./Inc/ESP01S.o
 .debug_macro   0x000021dd       0x16 ./Inc/ESP01S.o
 .debug_macro   0x000021f3       0x29 ./Inc/ESP01S.o
 .debug_macro   0x0000221c       0x22 ./Inc/ESP01S.o
 .debug_macro   0x0000223e       0x1c ./Inc/ESP01S.o
 .debug_macro   0x0000225a       0x17 ./Inc/ESP01S.o
 .debug_macro   0x00002271       0x52 ./Inc/ESP01S.o
 .debug_macro   0x000022c3       0x22 ./Inc/ESP01S.o
 .debug_macro   0x000022e5      0x18c ./Inc/MQTTConnectClient.o
 .debug_macro   0x00002471       0x5b ./Inc/MQTTConnectClient.o
 .debug_macro   0x000024cc       0x94 ./Inc/MQTTConnectClient.o
 .debug_macro   0x00002560       0x57 ./Inc/MQTTConnectClient.o
 .debug_macro   0x000025b7       0x4c ./Inc/MQTTConnectClient.o
 .debug_macro   0x00002603      0x192 ./Inc/MQTTDeserializePublish.o
 .debug_macro   0x00002795      0x192 ./Inc/MQTTPacket.o
 .debug_macro   0x00002927      0x18c ./Inc/MQTTSerializePublish.o
 .debug_macro   0x00002ab3      0x18c ./Inc/MQTTSubscribeClient.o
 .debug_macro   0x00002c3f       0x73 ./Inc/RingBuffer.o
 .debug_macro   0x00002cb2      0x158 ./Inc/bsp.o
 .debug_macro   0x00002e0a      0x50a ./Inc/bsp.o
 .debug_macro   0x00003314       0x4c ./Inc/bsp.o
 .debug_macro   0x00003360      0x203 ./Inc/ota.o
 .debug_macro   0x00003563       0x1c ./Inc/ota.o
 .debug_macro   0x0000357f      0x1cb ./Src/main.o
 .debug_macro   0x0000374a      0x11c ./Src/main.o
 .debug_macro   0x00003866       0x9b ./Src/main.o
 .debug_macro   0x00003901       0x1c ./Src/main.o
 .debug_macro   0x0000391d       0x1c ./Src/main.o
 .debug_macro   0x00003939      0x112 ./Src/sysmem.o
 .debug_macro   0x00003a4b      0x23c ./Src/sysmem.o

.debug_line     0x00000000     0x506a
 .debug_line    0x00000000      0xa6d ./Inc/ESP01S.o
 .debug_line    0x00000a6d      0x783 ./Inc/MQTTConnectClient.o
 .debug_line    0x000011f0      0x606 ./Inc/MQTTDeserializePublish.o
 .debug_line    0x000017f6      0x9a7 ./Inc/MQTTPacket.o
 .debug_line    0x0000219d      0x644 ./Inc/MQTTSerializePublish.o
 .debug_line    0x000027e1      0x66c ./Inc/MQTTSubscribeClient.o
 .debug_line    0x00002e4d      0x472 ./Inc/RingBuffer.o
 .debug_line    0x000032bf      0x6fc ./Inc/bsp.o
 .debug_line    0x000039bb      0x93b ./Inc/ota.o
 .debug_line    0x000042f6      0x83c ./Src/main.o
 .debug_line    0x00004b32      0x4bd ./Src/sysmem.o
 .debug_line    0x00004fef       0x7b ./Startup/startup_stm32f723iekx.o

.debug_str      0x00000000     0xb031
 .debug_str     0x00000000     0xb031 ./Inc/ESP01S.o
                               0x9e0c (size before relaxing)
 .debug_str     0x0000b031     0x73bf ./Inc/MQTTConnectClient.o
 .debug_str     0x0000b031     0x71ef ./Inc/MQTTDeserializePublish.o
 .debug_str     0x0000b031     0x72af ./Inc/MQTTPacket.o
 .debug_str     0x0000b031     0x7285 ./Inc/MQTTSerializePublish.o
 .debug_str     0x0000b031     0x728e ./Inc/MQTTSubscribeClient.o
 .debug_str     0x0000b031     0x3e96 ./Inc/RingBuffer.o
 .debug_str     0x0000b031     0x956c ./Inc/bsp.o
 .debug_str     0x0000b031     0x9ab7 ./Inc/ota.o
 .debug_str     0x0000b031     0x9e0b ./Src/main.o
 .debug_str     0x0000b031     0x7726 ./Src/sysmem.o
 .debug_str     0x0000b031       0x86 ./Startup/startup_stm32f723iekx.o

.comment        0x00000000       0x43
 .comment       0x00000000       0x43 ./Inc/ESP01S.o
                                 0x44 (size before relaxing)
 .comment       0x00000043       0x44 ./Inc/MQTTConnectClient.o
 .comment       0x00000043       0x44 ./Inc/MQTTDeserializePublish.o
 .comment       0x00000043       0x44 ./Inc/MQTTPacket.o
 .comment       0x00000043       0x44 ./Inc/MQTTSerializePublish.o
 .comment       0x00000043       0x44 ./Inc/MQTTSubscribeClient.o
 .comment       0x00000043       0x44 ./Inc/RingBuffer.o
 .comment       0x00000043       0x44 ./Inc/bsp.o
 .comment       0x00000043       0x44 ./Inc/ota.o
 .comment       0x00000043       0x44 ./Src/main.o
 .comment       0x00000043       0x44 ./Src/sysmem.o

.debug_frame    0x00000000     0x1a24
 .debug_frame   0x00000000      0x1fc ./Inc/ESP01S.o
 .debug_frame   0x000001fc       0xec ./Inc/MQTTConnectClient.o
 .debug_frame   0x000002e8       0x58 ./Inc/MQTTDeserializePublish.o
 .debug_frame   0x00000340      0x298 ./Inc/MQTTPacket.o
 .debug_frame   0x000005d8       0xec ./Inc/MQTTSerializePublish.o
 .debug_frame   0x000006c4       0x7c ./Inc/MQTTSubscribeClient.o
 .debug_frame   0x00000740       0xe8 ./Inc/RingBuffer.o
 .debug_frame   0x00000828      0x21c ./Inc/bsp.o
 .debug_frame   0x00000a44      0x278 ./Inc/ota.o
 .debug_frame   0x00000cbc      0x2e8 ./Src/main.o
 .debug_frame   0x00000fa4       0x34 ./Src/sysmem.o
 .debug_frame   0x00000fd8       0x30 /opt/st/stm32cubeide_2.1.1/plugins/com.st.stm32cube.ide.mcu.externaltools.gnu-tools-for-stm32.14.3.rel1.linux64_1.0.100.202602081740/tools/bin/../lib/gcc/arm-none-eabi/14.3.1/../../../../arm-none-eabi/lib/thumb/v7e-m+fp/hard/libc_nano.a(libc_a-atoi.o)
 .debug_frame   0x00001008       0x64 /opt/st/stm32cubeide_2.1.1/plugins/com.st.stm32cube.ide.mcu.externaltools.gnu-tools-for-stm32.14.3.rel1.linux64_1.0.100.202602081740/tools/bin/../lib/gcc/arm-none-eabi/14.3.1/../../../../arm-none-eabi/lib/thumb/v7e-m+fp/hard/libc_nano.a(libc_a-strtol.o)
 .debug_frame   0x0000106c      0x144 /opt/st/stm32cubeide_2.1.1/plugins/com.st.stm32cube.ide.mcu.externaltools.gnu-tools-for-stm32.14.3.rel1.linux64_1.0.100.202602081740/tools/bin/../lib/gcc/arm-none-eabi/14.3.1/../../../../arm-none-eabi/lib/thumb/v7e-m+fp/hard/libc_nano.a(libc_a-findfp.o)
 .debug_frame   0x000011b0       0x7c /opt/st/stm32cubeide_2.1.1/plugins/com.st.stm32cube.ide.mcu.externaltools.gnu-tools-for-stm32.14.3.rel1.linux64_1.0.100.202602081740/tools/bin/../lib/gcc/arm-none-eabi/14.3.1/../../../../arm-none-eabi/lib/thumb/v7e-m+fp/hard/libc_nano.a(libc_a-snprintf.o)
 .debug_frame   0x0000122c       0x80 /opt/st/stm32cubeide_2.1.1/plugins/com.st.stm32cube.ide.mcu.externaltools.gnu-tools-for-stm32.14.3.rel1.linux64_1.0.100.202602081740/tools/bin/../lib/gcc/arm-none-eabi/14.3.1/../../../../arm-none-eabi/lib/thumb/v7e-m+fp/hard/libc_nano.a(libc_a-sscanf.o)
 .debug_frame   0x000012ac       0x88 /opt/st/stm32cubeide_2.1.1/plugins/com.st.stm32cube.ide.mcu.externaltools.gnu-tools-for-stm32.14.3.rel1.linux64_1.0.100.202602081740/tools/bin/../lib/gcc/arm-none-eabi/14.3.1/../../../../arm-none-eabi/lib/thumb/v7e-m+fp/hard/libc_nano.a(libc_a-stdio.o)
 .debug_frame   0x00001334       0x4c /opt/st/stm32cubeide_2.1.1/plugins/com.st.stm32cube.ide.mcu.externaltools.gnu-tools-for-stm32.14.3.rel1.linux64_1.0.100.202602081740/tools/bin/../lib/gcc/arm-none-eabi/14.3.1/../../../../arm-none-eabi/lib/thumb/v7e-m+fp/hard/libc_nano.a(libc_a-vsnprintf.o)
 .debug_frame   0x00001380       0x28 /opt/st/stm32cubeide_2.1.1/plugins/com.st.stm32cube.ide.mcu.externaltools.gnu-tools-for-stm32.14.3.rel1.linux64_1.0.100.202602081740/tools/bin/../lib/gcc/arm-none-eabi/14.3.1/../../../../arm-none-eabi/lib/thumb/v7e-m+fp/hard/libc_nano.a(libc_a-memcmp.o)
 .debug_frame   0x000013a8       0x20 /opt/st/stm32cubeide_2.1.1/plugins/com.st.stm32cube.ide.mcu.externaltools.gnu-tools-for-stm32.14.3.rel1.linux64_1.0.100.202602081740/tools/bin/../lib/gcc/arm-none-eabi/14.3.1/../../../../arm-none-eabi/lib/thumb/v7e-m+fp/hard/libc_nano.a(libc_a-memset.o)
 .debug_frame   0x000013c8       0x28 /opt/st/stm32cubeide_2.1.1/plugins/com.st.stm32cube.ide.mcu.externaltools.gnu-tools-for-stm32.14.3.rel1.linux64_1.0.100.202602081740/tools/bin/../lib/gcc/arm-none-eabi/14.3.1/../../../../arm-none-eabi/lib/thumb/v7e-m+fp/hard/libc_nano.a(libc_a-strncpy.o)
 .debug_frame   0x000013f0       0x2c /opt/st/stm32cubeide_2.1.1/plugins/com.st.stm32cube.ide.mcu.externaltools.gnu-tools-for-stm32.14.3.rel1.linux64_1.0.100.202602081740/tools/bin/../lib/gcc/arm-none-eabi/14.3.1/../../../../arm-none-eabi/lib/thumb/v7e-m+fp/hard/libc_nano.a(libc_a-strstr.o)
 .debug_frame   0x0000141c       0x38 /opt/st/stm32cubeide_2.1.1/plugins/com.st.stm32cube.ide.mcu.externaltools.gnu-tools-for-stm32.14.3.rel1.linux64_1.0.100.202602081740/tools/bin/../lib/gcc/arm-none-eabi/14.3.1/../../../../arm-none-eabi/lib/thumb/v7e-m+fp/hard/libc_nano.a(libc_a-reent.o)
 .debug_frame   0x00001454       0x20 /opt/st/stm32cubeide_2.1.1/plugins/com.st.stm32cube.ide.mcu.externaltools.gnu-tools-for-stm32.14.3.rel1.linux64_1.0.100.202602081740/tools/bin/../lib/gcc/arm-none-eabi/14.3.1/../../../../arm-none-eabi/lib/thumb/v7e-m+fp/hard/libc_nano.a(libc_a-errno.o)
 .debug_frame   0x00001474       0x2c /opt/st/stm32cubeide_2.1.1/plugins/com.st.stm32cube.ide.mcu.externaltools.gnu-tools-for-stm32.14.3.rel1.linux64_1.0.100.202602081740/tools/bin/../lib/gcc/arm-none-eabi/14.3.1/../../../../arm-none-eabi/lib/thumb/v7e-m+fp/hard/libc_nano.a(libc_a-init.o)
 .debug_frame   0x000014a0       0xb0 /opt/st/stm32cubeide_2.1.1/plugins/com.st.stm32cube.ide.mcu.externaltools.gnu-tools-for-stm32.14.3.rel1.linux64_1.0.100.202602081740/tools/bin/../lib/gcc/arm-none-eabi/14.3.1/../../../../arm-none-eabi/lib/thumb/v7e-m+fp/hard/libc_nano.a(libc_a-lock.o)
 .debug_frame   0x00001550       0x20 /opt/st/stm32cubeide_2.1.1/plugins/com.st.stm32cube.ide.mcu.externaltools.gnu-tools-for-stm32.14.3.rel1.linux64_1.0.100.202602081740/tools/bin/../lib/gcc/arm-none-eabi/14.3.1/../../../../arm-none-eabi/lib/thumb/v7e-m+fp/hard/libc_nano.a(libc_a-strcmp.o)
 .debug_frame   0x00001570       0x28 /opt/st/stm32cubeide_2.1.1/plugins/com.st.stm32cube.ide.mcu.externaltools.gnu-tools-for-stm32.14.3.rel1.linux64_1.0.100.202602081740/tools/bin/../lib/gcc/arm-none-eabi/14.3.1/../../../../arm-none-eabi/lib/thumb/v7e-m+fp/hard/libc_nano.a(libc_a-memcpy-stub.o)
 .debug_frame   0x00001598       0x20 /opt/st/stm32cubeide_2.1.1/plugins/com.st.stm32cube.ide.mcu.externaltools.gnu-tools-for-stm32.14.3.rel1.linux64_1.0.100.202602081740/tools/bin/../lib/gcc/arm-none-eabi/14.3.1/../../../../arm-none-eabi/lib/thumb/v7e-m+fp/hard/libc_nano.a(libc_a-strlen.o)
 .debug_frame   0x000015b8       0x38 /opt/st/stm32cubeide_2.1.1/plugins/com.st.stm32cube.ide.mcu.externaltools.gnu-tools-for-stm32.14.3.rel1.linux64_1.0.100.202602081740/tools/bin/../lib/gcc/arm-none-eabi/14.3.1/../../../../arm-none-eabi/lib/thumb/v7e-m+fp/hard/libc_nano.a(libc_a-freer.o)
 .debug_frame   0x000015f0       0x50 /opt/st/stm32cubeide_2.1.1/plugins/com.st.stm32cube.ide.mcu.externaltools.gnu-tools-for-stm32.14.3.rel1.linux64_1.0.100.202602081740/tools/bin/../lib/gcc/arm-none-eabi/14.3.1/../../../../arm-none-eabi/lib/thumb/v7e-m+fp/hard/libc_nano.a(libc_a-mallocr.o)
 .debug_frame   0x00001640       0x30 /opt/st/stm32cubeide_2.1.1/plugins/com.st.stm32cube.ide.mcu.externaltools.gnu-tools-for-stm32.14.3.rel1.linux64_1.0.100.202602081740/tools/bin/../lib/gcc/arm-none-eabi/14.3.1/../../../../arm-none-eabi/lib/thumb/v7e-m+fp/hard/libc_nano.a(libc_a-mlock.o)
 .debug_frame   0x00001670       0x90 /opt/st/stm32cubeide_2.1.1/plugins/com.st.stm32cube.ide.mcu.externaltools.gnu-tools-for-stm32.14.3.rel1.linux64_1.0.100.202602081740/tools/bin/../lib/gcc/arm-none-eabi/14.3.1/../../../../arm-none-eabi/lib/thumb/v7e-m+fp/hard/libc_nano.a(libc_a-nano-svfprintf.o)
 .debug_frame   0x00001700       0x78 /opt/st/stm32cubeide_2.1.1/plugins/com.st.stm32cube.ide.mcu.externaltools.gnu-tools-for-stm32.14.3.rel1.linux64_1.0.100.202602081740/tools/bin/../lib/gcc/arm-none-eabi/14.3.1/../../../../arm-none-eabi/lib/thumb/v7e-m+fp/hard/libc_nano.a(libc_a-nano-svfscanf.o)
 .debug_frame   0x00001778       0x60 /opt/st/stm32cubeide_2.1.1/plugins/com.st.stm32cube.ide.mcu.externaltools.gnu-tools-for-stm32.14.3.rel1.linux64_1.0.100.202602081740/tools/bin/../lib/gcc/arm-none-eabi/14.3.1/../../../../arm-none-eabi/lib/thumb/v7e-m+fp/hard/libc_nano.a(libc_a-nano-vfprintf_i.o)
 .debug_frame   0x000017d8       0x64 /opt/st/stm32cubeide_2.1.1/plugins/com.st.stm32cube.ide.mcu.externaltools.gnu-tools-for-stm32.14.3.rel1.linux64_1.0.100.202602081740/tools/bin/../lib/gcc/arm-none-eabi/14.3.1/../../../../arm-none-eabi/lib/thumb/v7e-m+fp/hard/libc_nano.a(libc_a-nano-vfscanf_i.o)
 .debug_frame   0x0000183c       0x2c /opt/st/stm32cubeide_2.1.1/plugins/com.st.stm32cube.ide.mcu.externaltools.gnu-tools-for-stm32.14.3.rel1.linux64_1.0.100.202602081740/tools/bin/../lib/gcc/arm-none-eabi/14.3.1/../../../../arm-none-eabi/lib/thumb/v7e-m+fp/hard/libc_nano.a(libc_a-sccl.o)
 .debug_frame   0x00001868       0x5c /opt/st/stm32cubeide_2.1.1/plugins/com.st.stm32cube.ide.mcu.externaltools.gnu-tools-for-stm32.14.3.rel1.linux64_1.0.100.202602081740/tools/bin/../lib/gcc/arm-none-eabi/14.3.1/../../../../arm-none-eabi/lib/thumb/v7e-m+fp/hard/libc_nano.a(libc_a-ungetc.o)
 .debug_frame   0x000018c4       0x28 /opt/st/stm32cubeide_2.1.1/plugins/com.st.stm32cube.ide.mcu.externaltools.gnu-tools-for-stm32.14.3.rel1.linux64_1.0.100.202602081740/tools/bin/../lib/gcc/arm-none-eabi/14.3.1/../../../../arm-none-eabi/lib/thumb/v7e-m+fp/hard/libc_nano.a(libc_a-memmove.o)
 .debug_frame   0x000018ec       0x2c /opt/st/stm32cubeide_2.1.1/plugins/com.st.stm32cube.ide.mcu.externaltools.gnu-tools-for-stm32.14.3.rel1.linux64_1.0.100.202602081740/tools/bin/../lib/gcc/arm-none-eabi/14.3.1/../../../../arm-none-eabi/lib/thumb/v7e-m+fp/hard/libc_nano.a(libc_a-sbrkr.o)
 .debug_frame   0x00001918       0x4c /opt/st/stm32cubeide_2.1.1/plugins/com.st.stm32cube.ide.mcu.externaltools.gnu-tools-for-stm32.14.3.rel1.linux64_1.0.100.202602081740/tools/bin/../lib/gcc/arm-none-eabi/14.3.1/../../../../arm-none-eabi/lib/thumb/v7e-m+fp/hard/libc_nano.a(libc_a-memchr.o)
 .debug_frame   0x00001964       0x3c /opt/st/stm32cubeide_2.1.1/plugins/com.st.stm32cube.ide.mcu.externaltools.gnu-tools-for-stm32.14.3.rel1.linux64_1.0.100.202602081740/tools/bin/../lib/gcc/arm-none-eabi/14.3.1/../../../../arm-none-eabi/lib/thumb/v7e-m+fp/hard/libc_nano.a(libc_a-reallocr.o)
 .debug_frame   0x000019a0       0x64 /opt/st/stm32cubeide_2.1.1/plugins/com.st.stm32cube.ide.mcu.externaltools.gnu-tools-for-stm32.14.3.rel1.linux64_1.0.100.202602081740/tools/bin/../lib/gcc/arm-none-eabi/14.3.1/../../../../arm-none-eabi/lib/thumb/v7e-m+fp/hard/libc_nano.a(libc_a-strtoul.o)
 .debug_frame   0x00001a04       0x20 /opt/st/stm32cubeide_2.1.1/plugins/com.st.stm32cube.ide.mcu.externaltools.gnu-tools-for-stm32.14.3.rel1.linux64_1.0.100.202602081740/tools/bin/../lib/gcc/arm-none-eabi/14.3.1/../../../../arm-none-eabi/lib/thumb/v7e-m+fp/hard/libc_nano.a(libc_a-msizer.o)

.debug_line_str
                0x00000000       0x6a
 .debug_line_str
                0x00000000       0x6a ./Startup/startup_stm32f723iekx.o
